@@TRAX:hello "trax.name=" "trax.family=" "trax.image=path;" "trax.region=rectangle;" "trax.description=" "trax.version=3" "vot=python" "trax.channels=color;" 
@@TRAX:initialize "file:///home/vot-workspace/sequences/ball1/color/00000001.jpg" "496.0000,419.0000,40.0000,42.0000" 
@@TRAX:state "496.0000,419.0000,40.0000,42.0000" 
@@TRAX:frame "file:///home/vot-workspace/sequences/ball1/color/00000002.jpg" 
QFontDatabase: Cannot find font directory /usr/local/lib/python3.9/site-packages/cv2/qt/fonts.
Note that Qt no longer ships fonts. Deploy some (from https://dejavu-fonts.github.io/ for example) or switch to fontconfig.
QFontDatabase: Cannot find font directory /usr/local/lib/python3.9/site-packages/cv2/qt/fonts.
Note that Qt no longer ships fonts. Deploy some (from https://dejavu-fonts.github.io/ for example) or switch to fontconfig.
QFontDatabase: Cannot find font directory /usr/local/lib/python3.9/site-packages/cv2/qt/fonts.
Note that Qt no longer ships fonts. Deploy some (from https://dejavu-fonts.github.io/ for example) or switch to fontconfig.
QFontDatabase: Cannot find font directory /usr/local/lib/python3.9/site-packages/cv2/qt/fonts.
Note that Qt no longer ships fonts. Deploy some (from https://dejavu-fonts.github.io/ for example) or switch to fontconfig.
QFontDatabase: Cannot find font directory /usr/local/lib/python3.9/site-packages/cv2/qt/fonts.
Note that Qt no longer ships fonts. Deploy some (from https://dejavu-fonts.github.io/ for example) or switch to fontconfig.
@@TRAX:state "497.0000,403.0000,40.0000,42.0000" "confidence=0.9778529684990644" 
@@TRAX:frame "file:///home/vot-workspace/sequences/ball1/color/00000003.jpg" 
@@TRAX:state "498.0000,390.0000,40.0000,42.0000" "confidence=0.9814013447612524" 
@@TRAX:frame "file:///home/vot-workspace/sequences/ball1/color/00000004.jpg" 
@@TRAX:state "499.0000,380.0000,40.0000,42.0000" "confidence=0.9528846405446529" 
@@TRAX:frame "file:///home/vot-workspace/sequences/ball1/color/00000005.jpg" 
@@TRAX:state "499.0000,373.0000,40.0000,42.0000" "confidence=0.9328101575374603" 
@@TRAX:frame "file:///home/vot-workspace/sequences/ball1/color/00000006.jpg" 
@@TRAX:state "500.0000,369.0000,40.0000,42.0000" "confidence=0.9204310700297356" 
@@TRAX:frame "file:///home/vot-workspace/sequences/ball1/color/00000007.jpg" 
@@TRAX:state "500.0000,368.0000,40.0000,42.0000" "confidence=0.9183183237910271" 
@@TRAX:frame "file:///home/vot-workspace/sequences/ball1/color/00000008.jpg" 
@@TRAX:state "501.0000,370.0000,40.0000,42.0000" "confidence=0.9229131042957306" 
@@TRAX:frame "file:///home/vot-workspace/sequences/ball1/color/00000009.jpg" 
@@TRAX:state "502.0000,375.0000,40.0000,42.0000" "confidence=0.9326151385903358" 
@@TRAX:frame "file:///home/vot-workspace/sequences/ball1/color/00000010.jpg" 
@@TRAX:state "503.0000,383.0000,40.0000,42.0000" "confidence=0.9392373487353325" 
@@TRAX:frame "file:///home/vot-workspace/sequences/ball1/color/00000011.jpg" 
@@TRAX:state "504.0000,395.0000,40.0000,42.0000" "confidence=0.9298745542764664" 
@@TRAX:frame "file:///home/vot-workspace/sequences/ball1/color/00000012.jpg" 
@@TRAX:state "507.0000,408.0000,40.0000,42.0000" "confidence=0.9623511657118797" 
@@TRAX:frame "file:///home/vot-workspace/sequences/ball1/color/00000013.jpg" 
@@TRAX:state "508.0000,427.0000,40.0000,42.0000" "confidence=0.9472287148237228" 
@@TRAX:frame "file:///home/vot-workspace/sequences/ball1/color/00000014.jpg" 
@@TRAX:state "514.0000,422.0000,40.0000,42.0000" "confidence=0.9558396190404892" 
@@TRAX:frame "file:///home/vot-workspace/sequences/ball1/color/00000015.jpg" 
@@TRAX:state "510.0000,396.0000,40.0000,42.0000" "confidence=0.960576806217432" 
@@TRAX:frame "file:///home/vot-workspace/sequences/ball1/color/00000016.jpg" 
@@TRAX:state "509.0000,373.0000,40.0000,42.0000" "confidence=0.96121621504426" 
@@TRAX:frame "file:///home/vot-workspace/sequences/ball1/color/00000017.jpg" 
@@TRAX:state "509.0000,354.0000,40.0000,42.0000" "confidence=0.9022002667188644" 
@@TRAX:frame "file:///home/vot-workspace/sequences/ball1/color/00000018.jpg" 
@@TRAX:state "511.0000,336.0000,40.0000,42.0000" "confidence=0.8986402004957199" 
@@TRAX:frame "file:///home/vot-workspace/sequences/ball1/color/00000019.jpg" 
@@TRAX:state "522.0000,323.0000,40.0000,42.0000" "confidence=0.8354883193969727" 
@@TRAX:frame "file:///home/vot-workspace/sequences/ball1/color/00000020.jpg" 
@@TRAX:state "512.0000,310.0000,40.0000,42.0000" "confidence=0.9522062242031097" 
@@TRAX:frame "file:///home/vot-workspace/sequences/ball1/color/00000021.jpg" 
@@TRAX:state "513.0000,303.0000,40.0000,42.0000" "confidence=0.9242258369922638" 
@@TRAX:frame "file:///home/vot-workspace/sequences/ball1/color/00000022.jpg" 
@@TRAX:state "512.0000,298.0000,40.0000,42.0000" "confidence=0.9244253858923912" 
@@TRAX:frame "file:///home/vot-workspace/sequences/ball1/color/00000023.jpg" 
@@TRAX:state "511.0000,297.0000,40.0000,42.0000" "confidence=0.9219539687037468" 
@@TRAX:frame "file:///home/vot-workspace/sequences/ball1/color/00000024.jpg" 
@@TRAX:state "512.0000,298.0000,40.0000,42.0000" "confidence=0.9235487058758736" 
@@TRAX:frame "file:///home/vot-workspace/sequences/ball1/color/00000025.jpg" 
@@TRAX:state "513.0000,303.0000,40.0000,42.0000" "confidence=0.938616830855608" 
@@TRAX:frame "file:///home/vot-workspace/sequences/ball1/color/00000026.jpg" 
@@TRAX:state "513.0000,312.0000,40.0000,42.0000" "confidence=0.9423415698111057" 
@@TRAX:frame "file:///home/vot-workspace/sequences/ball1/color/00000027.jpg" 
@@TRAX:state "514.0000,322.0000,40.0000,42.0000" "confidence=0.936698205769062" 
@@TRAX:frame "file:///home/vot-workspace/sequences/ball1/color/00000028.jpg" 
@@TRAX:state "514.0000,338.0000,40.0000,42.0000" "confidence=0.9399887323379517" 
@@TRAX:frame "file:///home/vot-workspace/sequences/ball1/color/00000029.jpg" 
@@TRAX:state "515.0000,358.0000,40.0000,42.0000" "confidence=0.9441179111599922" 
@@TRAX:frame "file:///home/vot-workspace/sequences/ball1/color/00000030.jpg" 
@@TRAX:state "515.0000,377.0000,40.0000,42.0000" "confidence=0.9394508078694344" 
@@TRAX:frame "file:///home/vot-workspace/sequences/ball1/color/00000031.jpg" 
@@TRAX:state "517.0000,401.0000,40.0000,42.0000" "confidence=0.9676610827445984" 
@@TRAX:frame "file:///home/vot-workspace/sequences/ball1/color/00000032.jpg" 
@@TRAX:state "518.0000,427.0000,40.0000,42.0000" "confidence=0.9676085598766804" 
@@TRAX:frame "file:///home/vot-workspace/sequences/ball1/color/00000033.jpg" 
@@TRAX:state "520.0000,432.0000,40.0000,42.0000" "confidence=0.9626827202737331" 
@@TRAX:frame "file:///home/vot-workspace/sequences/ball1/color/00000034.jpg" 
@@TRAX:state "523.0000,409.0000,40.0000,42.0000" "confidence=0.9629430137574673" 
@@TRAX:frame "file:///home/vot-workspace/sequences/ball1/color/00000035.jpg" 
@@TRAX:state "521.0000,388.0000,40.0000,42.0000" "confidence=0.9504212625324726" 
@@TRAX:frame "file:///home/vot-workspace/sequences/ball1/color/00000036.jpg" 
@@TRAX:state "522.0000,372.0000,40.0000,42.0000" "confidence=0.9326313361525536" 
@@TRAX:frame "file:///home/vot-workspace/sequences/ball1/color/00000037.jpg" 
@@TRAX:state "528.0000,357.0000,40.0000,42.0000" "confidence=0.9156496599316597" 
@@TRAX:frame "file:///home/vot-workspace/sequences/ball1/color/00000038.jpg" 
@@TRAX:state "530.0000,345.0000,40.0000,42.0000" "confidence=0.9132504761219025" 
@@TRAX:frame "file:///home/vot-workspace/sequences/ball1/color/00000039.jpg" 
@@TRAX:state "532.0000,335.0000,40.0000,42.0000" "confidence=0.900119811296463" 
@@TRAX:frame "file:///home/vot-workspace/sequences/ball1/color/00000040.jpg" 
@@TRAX:state "536.0000,329.0000,40.0000,42.0000" "confidence=0.92278603464365" 
@@TRAX:frame "file:///home/vot-workspace/sequences/ball1/color/00000041.jpg" 
@@TRAX:state "538.0000,328.0000,40.0000,42.0000" "confidence=0.9207088947296143" 
@@TRAX:frame "file:///home/vot-workspace/sequences/ball1/color/00000042.jpg" 
@@TRAX:state "541.0000,328.0000,40.0000,42.0000" "confidence=0.9195170998573303" 
@@TRAX:frame "file:///home/vot-workspace/sequences/ball1/color/00000043.jpg" 
@@TRAX:state "543.0000,332.0000,40.0000,42.0000" "confidence=0.9035704433917999" 
@@TRAX:frame "file:///home/vot-workspace/sequences/ball1/color/00000044.jpg" 
@@TRAX:state "554.0000,339.0000,40.0000,42.0000" "confidence=0.8701650351285934" 
@@TRAX:frame "file:///home/vot-workspace/sequences/ball1/color/00000045.jpg" 
@@TRAX:state "551.0000,348.0000,40.0000,42.0000" "confidence=0.933868020772934" 
@@TRAX:frame "file:///home/vot-workspace/sequences/ball1/color/00000046.jpg" 
@@TRAX:state "551.0000,361.0000,40.0000,42.0000" "confidence=0.9710950255393982" 
@@TRAX:frame "file:///home/vot-workspace/sequences/ball1/color/00000047.jpg" 
@@TRAX:state "557.0000,377.0000,40.0000,42.0000" "confidence=0.9663904756307602" 
@@TRAX:frame "file:///home/vot-workspace/sequences/ball1/color/00000048.jpg" 
@@TRAX:state "560.0000,397.0000,40.0000,42.0000" "confidence=0.9570842683315277" 
@@TRAX:frame "file:///home/vot-workspace/sequences/ball1/color/00000049.jpg" 
@@TRAX:state "558.0000,377.0000,40.0000,42.0000" "confidence=0.9570753052830696" 
@@TRAX:frame "file:///home/vot-workspace/sequences/ball1/color/00000050.jpg" 
@@TRAX:state "547.0000,351.0000,40.0000,42.0000" "confidence=0.9502526894211769" 
@@TRAX:frame "file:///home/vot-workspace/sequences/ball1/color/00000051.jpg" 
@@TRAX:state "543.0000,326.0000,40.0000,42.0000" "confidence=0.9420053102076054" 
@@TRAX:frame "file:///home/vot-workspace/sequences/ball1/color/00000052.jpg" 
@@TRAX:state "535.0000,303.0000,40.0000,42.0000" "confidence=0.9474184103310108" 
@@TRAX:frame "file:///home/vot-workspace/sequences/ball1/color/00000053.jpg" 
@@TRAX:state "525.0000,285.0000,40.0000,42.0000" "confidence=0.9503503851592541" 
@@TRAX:frame "file:///home/vot-workspace/sequences/ball1/color/00000054.jpg" 
@@TRAX:state "521.0000,270.0000,40.0000,42.0000" "confidence=0.937785767018795" 
@@TRAX:frame "file:///home/vot-workspace/sequences/ball1/color/00000055.jpg" 
@@TRAX:state "512.0000,251.0000,40.0000,42.0000" "confidence=0.8995531350374222" 
@@TRAX:frame "file:///home/vot-workspace/sequences/ball1/color/00000056.jpg" 
@@TRAX:state "507.0000,246.0000,40.0000,42.0000" "confidence=0.9210846349596977" 
@@TRAX:frame "file:///home/vot-workspace/sequences/ball1/color/00000057.jpg" 
@@TRAX:state "501.0000,240.0000,40.0000,42.0000" "confidence=0.9283671826124191" 
@@TRAX:frame "file:///home/vot-workspace/sequences/ball1/color/00000058.jpg" 
@@TRAX:state "493.0000,237.0000,40.0000,42.0000" "confidence=0.9294512495398521" 
@@TRAX:frame "file:///home/vot-workspace/sequences/ball1/color/00000059.jpg" 
@@TRAX:state "489.0000,238.0000,40.0000,42.0000" "confidence=0.910218857228756" 
@@TRAX:frame "file:///home/vot-workspace/sequences/ball1/color/00000060.jpg" 
@@TRAX:state "480.0000,241.0000,40.0000,42.0000" "confidence=0.914236955344677" 
@@TRAX:frame "file:///home/vot-workspace/sequences/ball1/color/00000061.jpg" 
@@TRAX:state "471.0000,245.0000,40.0000,42.0000" "confidence=0.8985470533370972" 
@@TRAX:frame "file:///home/vot-workspace/sequences/ball1/color/00000062.jpg" 
@@TRAX:state "464.0000,257.0000,40.0000,42.0000" "confidence=0.9164676740765572" 
@@TRAX:frame "file:///home/vot-workspace/sequences/ball1/color/00000063.jpg" 
@@TRAX:state "454.0000,272.0000,40.0000,42.0000" "confidence=0.9472791291773319" 
@@TRAX:frame "file:///home/vot-workspace/sequences/ball1/color/00000064.jpg" 
@@TRAX:state "450.0000,289.0000,40.0000,42.0000" "confidence=0.9605035334825516" 
@@TRAX:frame "file:///home/vot-workspace/sequences/ball1/color/00000065.jpg" 
@@TRAX:state "440.0000,309.0000,40.0000,42.0000" "confidence=0.9551310427486897" 
@@TRAX:frame "file:///home/vot-workspace/sequences/ball1/color/00000066.jpg" 
@@TRAX:state "434.0000,334.0000,40.0000,42.0000" "confidence=0.9507039785385132" 
@@TRAX:frame "file:///home/vot-workspace/sequences/ball1/color/00000067.jpg" 
@@TRAX:state "428.0000,360.0000,40.0000,42.0000" "confidence=0.9481021538376808" 
@@TRAX:frame "file:///home/vot-workspace/sequences/ball1/color/00000068.jpg" 
@@TRAX:state "425.0000,386.0000,40.0000,42.0000" "confidence=0.908638134598732" 
@@TRAX:frame "file:///home/vot-workspace/sequences/ball1/color/00000069.jpg" 
@@TRAX:state "415.0000,382.0000,40.0000,42.0000" "confidence=0.9701675716787577" 
@@TRAX:frame "file:///home/vot-workspace/sequences/ball1/color/00000070.jpg" 
@@TRAX:state "411.0000,367.0000,40.0000,42.0000" "confidence=0.9611267298460007" 
@@TRAX:frame "file:///home/vot-workspace/sequences/ball1/color/00000071.jpg" 
@@TRAX:state "409.0000,356.0000,40.0000,42.0000" "confidence=0.942985687404871" 
@@TRAX:frame "file:///home/vot-workspace/sequences/ball1/color/00000072.jpg" 
@@TRAX:state "404.0000,347.0000,40.0000,42.0000" "confidence=0.923015370965004" 
@@TRAX:frame "file:///home/vot-workspace/sequences/ball1/color/00000073.jpg" 
@@TRAX:state "397.0000,339.0000,40.0000,42.0000" "confidence=0.9088566824793816" 
@@TRAX:frame "file:///home/vot-workspace/sequences/ball1/color/00000074.jpg" 
@@TRAX:state "394.0000,333.0000,40.0000,42.0000" "confidence=0.9267494007945061" 
@@TRAX:frame "file:///home/vot-workspace/sequences/ball1/color/00000075.jpg" 
@@TRAX:state "399.0000,340.0000,40.0000,42.0000" "confidence=0.9189561977982521" 
@@TRAX:frame "file:///home/vot-workspace/sequences/ball1/color/00000076.jpg" 
@@TRAX:state "396.0000,345.0000,40.0000,42.0000" "confidence=0.927999384701252" 
@@TRAX:frame "file:///home/vot-workspace/sequences/ball1/color/00000077.jpg" 
@@TRAX:state "397.0000,355.0000,40.0000,42.0000" "confidence=0.9526893459260464" 
@@TRAX:frame "file:///home/vot-workspace/sequences/ball1/color/00000078.jpg" 
@@TRAX:state "394.0000,365.0000,40.0000,42.0000" "confidence=0.9624946378171444" 
@@TRAX:frame "file:///home/vot-workspace/sequences/ball1/color/00000079.jpg" 
@@TRAX:state "392.0000,378.0000,40.0000,42.0000" "confidence=0.9489154331386089" 
@@TRAX:frame "file:///home/vot-workspace/sequences/ball1/color/00000080.jpg" 
@@TRAX:state "390.0000,396.0000,40.0000,42.0000" "confidence=0.9700199626386166" 
@@TRAX:frame "file:///home/vot-workspace/sequences/ball1/color/00000081.jpg" 
@@TRAX:state "386.0000,416.0000,40.0000,42.0000" "confidence=0.9652122929692268" 
@@TRAX:frame "file:///home/vot-workspace/sequences/ball1/color/00000082.jpg" 
@@TRAX:state "387.0000,438.0000,40.0000,42.0000" "confidence=0.9673642255365849" 
@@TRAX:frame "file:///home/vot-workspace/sequences/ball1/color/00000083.jpg" 
@@TRAX:state "386.0000,461.0000,40.0000,42.0000" "confidence=0.9629441425204277" 
@@TRAX:frame "file:///home/vot-workspace/sequences/ball1/color/00000084.jpg" 
@@TRAX:state "388.0000,444.0000,40.0000,42.0000" "confidence=0.9598604738712311" 
@@TRAX:frame "file:///home/vot-workspace/sequences/ball1/color/00000085.jpg" 
@@TRAX:state "388.0000,426.0000,40.0000,42.0000" "confidence=0.9610558561980724" 
@@TRAX:frame "file:///home/vot-workspace/sequences/ball1/color/00000086.jpg" 
@@TRAX:state "388.0000,409.0000,40.0000,42.0000" "confidence=0.9468549638986588" 
@@TRAX:frame "file:///home/vot-workspace/sequences/ball1/color/00000087.jpg" 
@@TRAX:state "386.0000,396.0000,40.0000,42.0000" "confidence=0.9306377172470093" 
@@TRAX:frame "file:///home/vot-workspace/sequences/ball1/color/00000088.jpg" 
@@TRAX:state "388.0000,385.0000,40.0000,42.0000" "confidence=0.9225679636001587" 
@@TRAX:frame "file:///home/vot-workspace/sequences/ball1/color/00000089.jpg" 
@@TRAX:state "389.0000,377.0000,40.0000,42.0000" "confidence=0.8998025953769684" 
@@TRAX:frame "file:///home/vot-workspace/sequences/ball1/color/00000090.jpg" 
@@TRAX:state "388.0000,372.0000,40.0000,42.0000" "confidence=0.9020491987466812" 
@@TRAX:frame "file:///home/vot-workspace/sequences/ball1/color/00000091.jpg" 
@@TRAX:state "390.0000,371.0000,40.0000,42.0000" "confidence=0.8946084901690483" 
@@TRAX:frame "file:///home/vot-workspace/sequences/ball1/color/00000092.jpg" 
@@TRAX:state "416.0000,372.0000,40.0000,42.0000" "confidence=0.908320814371109" 
@@TRAX:frame "file:///home/vot-workspace/sequences/ball1/color/00000093.jpg" 
@@TRAX:state "390.0000,352.0000,40.0000,42.0000" "confidence=0.7958680987358093" 
@@TRAX:frame "file:///home/vot-workspace/sequences/ball1/color/00000094.jpg" 
@@TRAX:state "364.0000,354.0000,40.0000,42.0000" "confidence=0.7909915149211884" 
@@TRAX:frame "file:///home/vot-workspace/sequences/ball1/color/00000095.jpg" 
@@TRAX:state "354.0000,369.0000,40.0000,42.0000" "confidence=0.7738191038370132" 
@@TRAX:quit 
@@TRAX:hello "trax.name=" "trax.family=" "trax.image=path;" "trax.region=rectangle;" "trax.description=" "trax.version=3" "vot=python" "trax.channels=color;" 
@@TRAX:initialize "file:///home/vot-workspace/sequences/ball1/color/00000100.jpg" "407.4500,433.5800,42.7300,43.5800" 
@@TRAX:state "407.4500,433.5800,42.7300,43.5800" 
@@TRAX:frame "file:///home/vot-workspace/sequences/ball1/color/00000101.jpg" 
QFontDatabase: Cannot find font directory /usr/local/lib/python3.9/site-packages/cv2/qt/fonts.
Note that Qt no longer ships fonts. Deploy some (from https://dejavu-fonts.github.io/ for example) or switch to fontconfig.
QFontDatabase: Cannot find font directory /usr/local/lib/python3.9/site-packages/cv2/qt/fonts.
Note that Qt no longer ships fonts. Deploy some (from https://dejavu-fonts.github.io/ for example) or switch to fontconfig.
QFontDatabase: Cannot find font directory /usr/local/lib/python3.9/site-packages/cv2/qt/fonts.
Note that Qt no longer ships fonts. Deploy some (from https://dejavu-fonts.github.io/ for example) or switch to fontconfig.
QFontDatabase: Cannot find font directory /usr/local/lib/python3.9/site-packages/cv2/qt/fonts.
Note that Qt no longer ships fonts. Deploy some (from https://dejavu-fonts.github.io/ for example) or switch to fontconfig.
QFontDatabase: Cannot find font directory /usr/local/lib/python3.9/site-packages/cv2/qt/fonts.
Note that Qt no longer ships fonts. Deploy some (from https://dejavu-fonts.github.io/ for example) or switch to fontconfig.
@@TRAX:state "413.0000,410.0000,42.7300,43.5800" "confidence=0.9796389024704695" 
@@TRAX:frame "file:///home/vot-workspace/sequences/ball1/color/00000102.jpg" 
@@TRAX:state "419.0000,392.0000,42.7300,43.5800" "confidence=0.9484054930508137" 
@@TRAX:frame "file:///home/vot-workspace/sequences/ball1/color/00000103.jpg" 
@@TRAX:state "424.0000,374.0000,42.7300,43.5800" "confidence=0.9096681401133537" 
@@TRAX:frame "file:///home/vot-workspace/sequences/ball1/color/00000104.jpg" 
@@TRAX:state "432.0000,360.0000,42.7300,43.5800" "confidence=0.9177330285310745" 
@@TRAX:frame "file:///home/vot-workspace/sequences/ball1/color/00000105.jpg" 
@@TRAX:state "437.0000,347.0000,42.7300,43.5800" "confidence=0.9019348174333572" 
@@TRAX:quit 
@@TRAX:hello "trax.name=" "trax.family=" "trax.image=path;" "trax.region=rectangle;" "trax.description=" "trax.version=3" "vot=python" "trax.channels=color;" 
@@TRAX:initialize "file:///home/vot-workspace/sequences/ball1/color/00000001.jpg" "496.0000,419.0000,40.0000,42.0000" 
@@TRAX:state "496.0000,419.0000,40.0000,42.0000" 
@@TRAX:frame "file:///home/vot-workspace/sequences/ball1/color/00000002.jpg" 
QFontDatabase: Cannot find font directory /usr/local/lib/python3.9/site-packages/cv2/qt/fonts.
Note that Qt no longer ships fonts. Deploy some (from https://dejavu-fonts.github.io/ for example) or switch to fontconfig.
QFontDatabase: Cannot find font directory /usr/local/lib/python3.9/site-packages/cv2/qt/fonts.
Note that Qt no longer ships fonts. Deploy some (from https://dejavu-fonts.github.io/ for example) or switch to fontconfig.
QFontDatabase: Cannot find font directory /usr/local/lib/python3.9/site-packages/cv2/qt/fonts.
Note that Qt no longer ships fonts. Deploy some (from https://dejavu-fonts.github.io/ for example) or switch to fontconfig.
QFontDatabase: Cannot find font directory /usr/local/lib/python3.9/site-packages/cv2/qt/fonts.
Note that Qt no longer ships fonts. Deploy some (from https://dejavu-fonts.github.io/ for example) or switch to fontconfig.
QFontDatabase: Cannot find font directory /usr/local/lib/python3.9/site-packages/cv2/qt/fonts.
Note that Qt no longer ships fonts. Deploy some (from https://dejavu-fonts.github.io/ for example) or switch to fontconfig.
@@TRAX:state "497.0000,403.0000,40.0000,42.0000" "confidence=0.9778529684990644" 
@@TRAX:frame "file:///home/vot-workspace/sequences/ball1/color/00000003.jpg" 
@@TRAX:state "498.0000,390.0000,40.0000,42.0000" "confidence=0.9814013447612524" 
@@TRAX:frame "file:///home/vot-workspace/sequences/ball1/color/00000004.jpg" 
@@TRAX:state "499.0000,380.0000,40.0000,42.0000" "confidence=0.9528846405446529" 
@@TRAX:frame "file:///home/vot-workspace/sequences/ball1/color/00000005.jpg" 
@@TRAX:state "499.0000,373.0000,40.0000,42.0000" "confidence=0.9328101575374603" 
@@TRAX:frame "file:///home/vot-workspace/sequences/ball1/color/00000006.jpg" 
@@TRAX:state "500.0000,369.0000,40.0000,42.0000" "confidence=0.9204310700297356" 
@@TRAX:frame "file:///home/vot-workspace/sequences/ball1/color/00000007.jpg" 
@@TRAX:state "500.0000,368.0000,40.0000,42.0000" "confidence=0.9183183237910271" 
@@TRAX:frame "file:///home/vot-workspace/sequences/ball1/color/00000008.jpg" 
@@TRAX:state "501.0000,370.0000,40.0000,42.0000" "confidence=0.9229131042957306" 
@@TRAX:frame "file:///home/vot-workspace/sequences/ball1/color/00000009.jpg" 
@@TRAX:state "502.0000,375.0000,40.0000,42.0000" "confidence=0.9326151385903358" 
@@TRAX:frame "file:///home/vot-workspace/sequences/ball1/color/00000010.jpg" 
@@TRAX:state "503.0000,383.0000,40.0000,42.0000" "confidence=0.9392373487353325" 
@@TRAX:frame "file:///home/vot-workspace/sequences/ball1/color/00000011.jpg" 
@@TRAX:state "504.0000,395.0000,40.0000,42.0000" "confidence=0.9298745542764664" 
@@TRAX:frame "file:///home/vot-workspace/sequences/ball1/color/00000012.jpg" 
@@TRAX:state "507.0000,408.0000,40.0000,42.0000" "confidence=0.9623511657118797" 
@@TRAX:frame "file:///home/vot-workspace/sequences/ball1/color/00000013.jpg" 
@@TRAX:state "508.0000,427.0000,40.0000,42.0000" "confidence=0.9472287148237228" 
@@TRAX:frame "file:///home/vot-workspace/sequences/ball1/color/00000014.jpg" 
@@TRAX:state "514.0000,422.0000,40.0000,42.0000" "confidence=0.9558396190404892" 
@@TRAX:frame "file:///home/vot-workspace/sequences/ball1/color/00000015.jpg" 
@@TRAX:state "510.0000,396.0000,40.0000,42.0000" "confidence=0.960576806217432" 
@@TRAX:frame "file:///home/vot-workspace/sequences/ball1/color/00000016.jpg" 
@@TRAX:state "509.0000,373.0000,40.0000,42.0000" "confidence=0.96121621504426" 
@@TRAX:frame "file:///home/vot-workspace/sequences/ball1/color/00000017.jpg" 
@@TRAX:state "509.0000,354.0000,40.0000,42.0000" "confidence=0.9022002667188644" 
@@TRAX:frame "file:///home/vot-workspace/sequences/ball1/color/00000018.jpg" 
@@TRAX:state "511.0000,336.0000,40.0000,42.0000" "confidence=0.8986402004957199" 
@@TRAX:frame "file:///home/vot-workspace/sequences/ball1/color/00000019.jpg" 
@@TRAX:state "522.0000,323.0000,40.0000,42.0000" "confidence=0.8354883193969727" 
@@TRAX:frame "file:///home/vot-workspace/sequences/ball1/color/00000020.jpg" 
@@TRAX:state "512.0000,310.0000,40.0000,42.0000" "confidence=0.9522062242031097" 
@@TRAX:frame "file:///home/vot-workspace/sequences/ball1/color/00000021.jpg" 
@@TRAX:state "513.0000,303.0000,40.0000,42.0000" "confidence=0.9242258369922638" 
@@TRAX:frame "file:///home/vot-workspace/sequences/ball1/color/00000022.jpg" 
@@TRAX:state "512.0000,298.0000,40.0000,42.0000" "confidence=0.9244253858923912" 
@@TRAX:frame "file:///home/vot-workspace/sequences/ball1/color/00000023.jpg" 
@@TRAX:state "511.0000,297.0000,40.0000,42.0000" "confidence=0.9219539687037468" 
@@TRAX:frame "file:///home/vot-workspace/sequences/ball1/color/00000024.jpg" 
@@TRAX:state "512.0000,298.0000,40.0000,42.0000" "confidence=0.9235487058758736" 
@@TRAX:frame "file:///home/vot-workspace/sequences/ball1/color/00000025.jpg" 
@@TRAX:state "513.0000,303.0000,40.0000,42.0000" "confidence=0.938616830855608" 
@@TRAX:frame "file:///home/vot-workspace/sequences/ball1/color/00000026.jpg" 
@@TRAX:state "513.0000,312.0000,40.0000,42.0000" "confidence=0.9423415698111057" 
@@TRAX:frame "file:///home/vot-workspace/sequences/ball1/color/00000027.jpg" 
@@TRAX:state "514.0000,322.0000,40.0000,42.0000" "confidence=0.936698205769062" 
@@TRAX:frame "file:///home/vot-workspace/sequences/ball1/color/00000028.jpg" 
@@TRAX:state "514.0000,338.0000,40.0000,42.0000" "confidence=0.9399887323379517" 
@@TRAX:frame "file:///home/vot-workspace/sequences/ball1/color/00000029.jpg" 
@@TRAX:state "515.0000,358.0000,40.0000,42.0000" "confidence=0.9441179111599922" 
@@TRAX:frame "file:///home/vot-workspace/sequences/ball1/color/00000030.jpg" 
@@TRAX:state "515.0000,377.0000,40.0000,42.0000" "confidence=0.9394508078694344" 
@@TRAX:frame "file:///home/vot-workspace/sequences/ball1/color/00000031.jpg" 
@@TRAX:state "517.0000,401.0000,40.0000,42.0000" "confidence=0.9676610827445984" 
@@TRAX:frame "file:///home/vot-workspace/sequences/ball1/color/00000032.jpg" 
@@TRAX:state "518.0000,427.0000,40.0000,42.0000" "confidence=0.9676085598766804" 
@@TRAX:frame "file:///home/vot-workspace/sequences/ball1/color/00000033.jpg" 
@@TRAX:state "520.0000,432.0000,40.0000,42.0000" "confidence=0.9626827202737331" 
@@TRAX:frame "file:///home/vot-workspace/sequences/ball1/color/00000034.jpg" 
@@TRAX:state "523.0000,409.0000,40.0000,42.0000" "confidence=0.9629430137574673" 
@@TRAX:frame "file:///home/vot-workspace/sequences/ball1/color/00000035.jpg" 
@@TRAX:state "521.0000,388.0000,40.0000,42.0000" "confidence=0.9504212625324726" 
@@TRAX:frame "file:///home/vot-workspace/sequences/ball1/color/00000036.jpg" 
@@TRAX:state "522.0000,372.0000,40.0000,42.0000" "confidence=0.9326313361525536" 
@@TRAX:frame "file:///home/vot-workspace/sequences/ball1/color/00000037.jpg" 
@@TRAX:state "528.0000,357.0000,40.0000,42.0000" "confidence=0.9156496599316597" 
@@TRAX:frame "file:///home/vot-workspace/sequences/ball1/color/00000038.jpg" 
@@TRAX:state "530.0000,345.0000,40.0000,42.0000" "confidence=0.9132504761219025" 
@@TRAX:frame "file:///home/vot-workspace/sequences/ball1/color/00000039.jpg" 
@@TRAX:state "532.0000,335.0000,40.0000,42.0000" "confidence=0.900119811296463" 
@@TRAX:frame "file:///home/vot-workspace/sequences/ball1/color/00000040.jpg" 
@@TRAX:state "536.0000,329.0000,40.0000,42.0000" "confidence=0.92278603464365" 
@@TRAX:frame "file:///home/vot-workspace/sequences/ball1/color/00000041.jpg" 
@@TRAX:state "538.0000,328.0000,40.0000,42.0000" "confidence=0.9207088947296143" 
@@TRAX:frame "file:///home/vot-workspace/sequences/ball1/color/00000042.jpg" 
@@TRAX:state "541.0000,328.0000,40.0000,42.0000" "confidence=0.9195170998573303" 
@@TRAX:frame "file:///home/vot-workspace/sequences/ball1/color/00000043.jpg" 
@@TRAX:state "543.0000,332.0000,40.0000,42.0000" "confidence=0.9035704433917999" 
@@TRAX:frame "file:///home/vot-workspace/sequences/ball1/color/00000044.jpg" 
@@TRAX:state "554.0000,339.0000,40.0000,42.0000" "confidence=0.8701650351285934" 
@@TRAX:frame "file:///home/vot-workspace/sequences/ball1/color/00000045.jpg" 
@@TRAX:state "551.0000,348.0000,40.0000,42.0000" "confidence=0.933868020772934" 
@@TRAX:frame "file:///home/vot-workspace/sequences/ball1/color/00000046.jpg" 
@@TRAX:state "551.0000,361.0000,40.0000,42.0000" "confidence=0.9710950255393982" 
@@TRAX:frame "file:///home/vot-workspace/sequences/ball1/color/00000047.jpg" 
@@TRAX:state "557.0000,377.0000,40.0000,42.0000" "confidence=0.9663904756307602" 
@@TRAX:frame "file:///home/vot-workspace/sequences/ball1/color/00000048.jpg" 
@@TRAX:state "560.0000,397.0000,40.0000,42.0000" "confidence=0.9570842683315277" 
@@TRAX:frame "file:///home/vot-workspace/sequences/ball1/color/00000049.jpg" 
@@TRAX:state "558.0000,377.0000,40.0000,42.0000" "confidence=0.9570753052830696" 
@@TRAX:frame "file:///home/vot-workspace/sequences/ball1/color/00000050.jpg" 
@@TRAX:state "547.0000,351.0000,40.0000,42.0000" "confidence=0.9502526894211769" 
@@TRAX:frame "file:///home/vot-workspace/sequences/ball1/color/00000051.jpg" 
@@TRAX:state "543.0000,326.0000,40.0000,42.0000" "confidence=0.9420053102076054" 
@@TRAX:frame "file:///home/vot-workspace/sequences/ball1/color/00000052.jpg" 
@@TRAX:state "535.0000,303.0000,40.0000,42.0000" "confidence=0.9474184103310108" 
@@TRAX:frame "file:///home/vot-workspace/sequences/ball1/color/00000053.jpg" 
@@TRAX:state "525.0000,285.0000,40.0000,42.0000" "confidence=0.9503503851592541" 
@@TRAX:frame "file:///home/vot-workspace/sequences/ball1/color/00000054.jpg" 
@@TRAX:state "521.0000,270.0000,40.0000,42.0000" "confidence=0.937785767018795" 
@@TRAX:frame "file:///home/vot-workspace/sequences/ball1/color/00000055.jpg" 
@@TRAX:state "512.0000,251.0000,40.0000,42.0000" "confidence=0.8995531350374222" 
@@TRAX:frame "file:///home/vot-workspace/sequences/ball1/color/00000056.jpg" 
@@TRAX:state "507.0000,246.0000,40.0000,42.0000" "confidence=0.9210846349596977" 
@@TRAX:frame "file:///home/vot-workspace/sequences/ball1/color/00000057.jpg" 
@@TRAX:state "501.0000,240.0000,40.0000,42.0000" "confidence=0.9283671826124191" 
@@TRAX:frame "file:///home/vot-workspace/sequences/ball1/color/00000058.jpg" 
@@TRAX:state "493.0000,237.0000,40.0000,42.0000" "confidence=0.9294512495398521" 
@@TRAX:frame "file:///home/vot-workspace/sequences/ball1/color/00000059.jpg" 
@@TRAX:state "489.0000,238.0000,40.0000,42.0000" "confidence=0.910218857228756" 
@@TRAX:frame "file:///home/vot-workspace/sequences/ball1/color/00000060.jpg" 
@@TRAX:state "480.0000,241.0000,40.0000,42.0000" "confidence=0.914236955344677" 
@@TRAX:frame "file:///home/vot-workspace/sequences/ball1/color/00000061.jpg" 
@@TRAX:state "471.0000,245.0000,40.0000,42.0000" "confidence=0.8985470533370972" 
@@TRAX:frame "file:///home/vot-workspace/sequences/ball1/color/00000062.jpg" 
@@TRAX:state "464.0000,257.0000,40.0000,42.0000" "confidence=0.9164676740765572" 
@@TRAX:frame "file:///home/vot-workspace/sequences/ball1/color/00000063.jpg" 
@@TRAX:state "454.0000,272.0000,40.0000,42.0000" "confidence=0.9472791291773319" 
@@TRAX:frame "file:///home/vot-workspace/sequences/ball1/color/00000064.jpg" 
@@TRAX:state "450.0000,289.0000,40.0000,42.0000" "confidence=0.9605035334825516" 
@@TRAX:frame "file:///home/vot-workspace/sequences/ball1/color/00000065.jpg" 
@@TRAX:state "440.0000,309.0000,40.0000,42.0000" "confidence=0.9551310427486897" 
@@TRAX:frame "file:///home/vot-workspace/sequences/ball1/color/00000066.jpg" 
@@TRAX:state "434.0000,334.0000,40.0000,42.0000" "confidence=0.9507039785385132" 
@@TRAX:frame "file:///home/vot-workspace/sequences/ball1/color/00000067.jpg" 
@@TRAX:state "428.0000,360.0000,40.0000,42.0000" "confidence=0.9481021538376808" 
@@TRAX:frame "file:///home/vot-workspace/sequences/ball1/color/00000068.jpg" 
@@TRAX:state "425.0000,386.0000,40.0000,42.0000" "confidence=0.908638134598732" 
@@TRAX:frame "file:///home/vot-workspace/sequences/ball1/color/00000069.jpg" 
@@TRAX:state "415.0000,382.0000,40.0000,42.0000" "confidence=0.9701675716787577" 
@@TRAX:frame "file:///home/vot-workspace/sequences/ball1/color/00000070.jpg" 
@@TRAX:state "411.0000,367.0000,40.0000,42.0000" "confidence=0.9611267298460007" 
@@TRAX:frame "file:///home/vot-workspace/sequences/ball1/color/00000071.jpg" 
@@TRAX:state "409.0000,356.0000,40.0000,42.0000" "confidence=0.942985687404871" 
@@TRAX:frame "file:///home/vot-workspace/sequences/ball1/color/00000072.jpg" 
@@TRAX:state "404.0000,347.0000,40.0000,42.0000" "confidence=0.923015370965004" 
@@TRAX:frame "file:///home/vot-workspace/sequences/ball1/color/00000073.jpg" 
@@TRAX:state "397.0000,339.0000,40.0000,42.0000" "confidence=0.9088566824793816" 
@@TRAX:frame "file:///home/vot-workspace/sequences/ball1/color/00000074.jpg" 
@@TRAX:state "394.0000,333.0000,40.0000,42.0000" "confidence=0.9267494007945061" 
@@TRAX:frame "file:///home/vot-workspace/sequences/ball1/color/00000075.jpg" 
@@TRAX:state "399.0000,340.0000,40.0000,42.0000" "confidence=0.9189561977982521" 
@@TRAX:frame "file:///home/vot-workspace/sequences/ball1/color/00000076.jpg" 
@@TRAX:state "396.0000,345.0000,40.0000,42.0000" "confidence=0.927999384701252" 
@@TRAX:frame "file:///home/vot-workspace/sequences/ball1/color/00000077.jpg" 
@@TRAX:state "397.0000,355.0000,40.0000,42.0000" "confidence=0.9526893459260464" 
@@TRAX:frame "file:///home/vot-workspace/sequences/ball1/color/00000078.jpg" 
@@TRAX:state "394.0000,365.0000,40.0000,42.0000" "confidence=0.9624946378171444" 
@@TRAX:frame "file:///home/vot-workspace/sequences/ball1/color/00000079.jpg" 
@@TRAX:state "392.0000,378.0000,40.0000,42.0000" "confidence=0.9489154331386089" 
@@TRAX:frame "file:///home/vot-workspace/sequences/ball1/color/00000080.jpg" 
@@TRAX:state "390.0000,396.0000,40.0000,42.0000" "confidence=0.9700199626386166" 
@@TRAX:frame "file:///home/vot-workspace/sequences/ball1/color/00000081.jpg" 
@@TRAX:state "386.0000,416.0000,40.0000,42.0000" "confidence=0.9652122929692268" 
@@TRAX:frame "file:///home/vot-workspace/sequences/ball1/color/00000082.jpg" 
@@TRAX:state "387.0000,438.0000,40.0000,42.0000" "confidence=0.9673642255365849" 
@@TRAX:frame "file:///home/vot-workspace/sequences/ball1/color/00000083.jpg" 
@@TRAX:state "386.0000,461.0000,40.0000,42.0000" "confidence=0.9629441425204277" 
@@TRAX:frame "file:///home/vot-workspace/sequences/ball1/color/00000084.jpg" 
@@TRAX:state "388.0000,444.0000,40.0000,42.0000" "confidence=0.9598604738712311" 
@@TRAX:frame "file:///home/vot-workspace/sequences/ball1/color/00000085.jpg" 
@@TRAX:state "388.0000,426.0000,40.0000,42.0000" "confidence=0.9610558561980724" 
@@TRAX:frame "file:///home/vot-workspace/sequences/ball1/color/00000086.jpg" 
@@TRAX:state "388.0000,409.0000,40.0000,42.0000" "confidence=0.9468549638986588" 
@@TRAX:frame "file:///home/vot-workspace/sequences/ball1/color/00000087.jpg" 
@@TRAX:state "386.0000,396.0000,40.0000,42.0000" "confidence=0.9306377172470093" 
@@TRAX:frame "file:///home/vot-workspace/sequences/ball1/color/00000088.jpg" 
@@TRAX:state "388.0000,385.0000,40.0000,42.0000" "confidence=0.9225679636001587" 
@@TRAX:frame "file:///home/vot-workspace/sequences/ball1/color/00000089.jpg" 
@@TRAX:state "389.0000,377.0000,40.0000,42.0000" "confidence=0.8998025953769684" 
@@TRAX:frame "file:///home/vot-workspace/sequences/ball1/color/00000090.jpg" 
@@TRAX:state "388.0000,372.0000,40.0000,42.0000" "confidence=0.9020491987466812" 
@@TRAX:frame "file:///home/vot-workspace/sequences/ball1/color/00000091.jpg" 
@@TRAX:state "390.0000,371.0000,40.0000,42.0000" "confidence=0.8946084901690483" 
@@TRAX:frame "file:///home/vot-workspace/sequences/ball1/color/00000092.jpg" 
@@TRAX:state "416.0000,372.0000,40.0000,42.0000" "confidence=0.908320814371109" 
@@TRAX:frame "file:///home/vot-workspace/sequences/ball1/color/00000093.jpg" 
@@TRAX:state "390.0000,352.0000,40.0000,42.0000" "confidence=0.7958680987358093" 
@@TRAX:frame "file:///home/vot-workspace/sequences/ball1/color/00000094.jpg" 
@@TRAX:state "364.0000,354.0000,40.0000,42.0000" "confidence=0.7909915149211884" 
@@TRAX:frame "file:///home/vot-workspace/sequences/ball1/color/00000095.jpg" 
@@TRAX:state "354.0000,369.0000,40.0000,42.0000" "confidence=0.7738191038370132" 
@@TRAX:quit 
@@TRAX:hello "trax.name=" "trax.family=" "trax.image=path;" "trax.region=rectangle;" "trax.description=" "trax.version=3" "vot=python" "trax.channels=color;" 
@@TRAX:initialize "file:///home/vot-workspace/sequences/ball1/color/00000100.jpg" "407.4500,433.5800,42.7300,43.5800" 
@@TRAX:state "407.4500,433.5800,42.7300,43.5800" 
@@TRAX:frame "file:///home/vot-workspace/sequences/ball1/color/00000101.jpg" 
QFontDatabase: Cannot find font directory /usr/local/lib/python3.9/site-packages/cv2/qt/fonts.
Note that Qt no longer ships fonts. Deploy some (from https://dejavu-fonts.github.io/ for example) or switch to fontconfig.
QFontDatabase: Cannot find font directory /usr/local/lib/python3.9/site-packages/cv2/qt/fonts.
Note that Qt no longer ships fonts. Deploy some (from https://dejavu-fonts.github.io/ for example) or switch to fontconfig.
QFontDatabase: Cannot find font directory /usr/local/lib/python3.9/site-packages/cv2/qt/fonts.
Note that Qt no longer ships fonts. Deploy some (from https://dejavu-fonts.github.io/ for example) or switch to fontconfig.
QFontDatabase: Cannot find font directory /usr/local/lib/python3.9/site-packages/cv2/qt/fonts.
Note that Qt no longer ships fonts. Deploy some (from https://dejavu-fonts.github.io/ for example) or switch to fontconfig.
QFontDatabase: Cannot find font directory /usr/local/lib/python3.9/site-packages/cv2/qt/fonts.
Note that Qt no longer ships fonts. Deploy some (from https://dejavu-fonts.github.io/ for example) or switch to fontconfig.
@@TRAX:state "413.0000,410.0000,42.7300,43.5800" "confidence=0.9796389024704695" 
@@TRAX:frame "file:///home/vot-workspace/sequences/ball1/color/00000102.jpg" 
@@TRAX:state "419.0000,392.0000,42.7300,43.5800" "confidence=0.9484054930508137" 
@@TRAX:frame "file:///home/vot-workspace/sequences/ball1/color/00000103.jpg" 
@@TRAX:state "424.0000,374.0000,42.7300,43.5800" "confidence=0.9096681401133537" 
@@TRAX:frame "file:///home/vot-workspace/sequences/ball1/color/00000104.jpg" 
@@TRAX:state "432.0000,360.0000,42.7300,43.5800" "confidence=0.9177330285310745" 
@@TRAX:frame "file:///home/vot-workspace/sequences/ball1/color/00000105.jpg" 
@@TRAX:state "437.0000,347.0000,42.7300,43.5800" "confidence=0.9019348174333572" 
@@TRAX:quit 
@@TRAX:hello "trax.name=" "trax.family=" "trax.image=path;" "trax.region=rectangle;" "trax.description=" "trax.version=3" "vot=python" "trax.channels=color;" 
@@TRAX:initialize "file:///home/vot-workspace/sequences/ball1/color/00000001.jpg" "496.0000,419.0000,40.0000,42.0000" 
@@TRAX:state "496.0000,419.0000,40.0000,42.0000" 
@@TRAX:frame "file:///home/vot-workspace/sequences/ball1/color/00000002.jpg" 
QFontDatabase: Cannot find font directory /usr/local/lib/python3.9/site-packages/cv2/qt/fonts.
Note that Qt no longer ships fonts. Deploy some (from https://dejavu-fonts.github.io/ for example) or switch to fontconfig.
QFontDatabase: Cannot find font directory /usr/local/lib/python3.9/site-packages/cv2/qt/fonts.
Note that Qt no longer ships fonts. Deploy some (from https://dejavu-fonts.github.io/ for example) or switch to fontconfig.
QFontDatabase: Cannot find font directory /usr/local/lib/python3.9/site-packages/cv2/qt/fonts.
Note that Qt no longer ships fonts. Deploy some (from https://dejavu-fonts.github.io/ for example) or switch to fontconfig.
QFontDatabase: Cannot find font directory /usr/local/lib/python3.9/site-packages/cv2/qt/fonts.
Note that Qt no longer ships fonts. Deploy some (from https://dejavu-fonts.github.io/ for example) or switch to fontconfig.
QFontDatabase: Cannot find font directory /usr/local/lib/python3.9/site-packages/cv2/qt/fonts.
Note that Qt no longer ships fonts. Deploy some (from https://dejavu-fonts.github.io/ for example) or switch to fontconfig.
@@TRAX:state "497.0000,403.0000,40.0000,42.0000" "confidence=0.9778529684990644" 
@@TRAX:frame "file:///home/vot-workspace/sequences/ball1/color/00000003.jpg" 
@@TRAX:state "498.0000,390.0000,40.0000,42.0000" "confidence=0.9814013447612524" 
@@TRAX:frame "file:///home/vot-workspace/sequences/ball1/color/00000004.jpg" 
@@TRAX:state "499.0000,380.0000,40.0000,42.0000" "confidence=0.9528846405446529" 
@@TRAX:frame "file:///home/vot-workspace/sequences/ball1/color/00000005.jpg" 
@@TRAX:state "499.0000,373.0000,40.0000,42.0000" "confidence=0.9328101575374603" 
@@TRAX:frame "file:///home/vot-workspace/sequences/ball1/color/00000006.jpg" 
@@TRAX:state "500.0000,369.0000,40.0000,42.0000" "confidence=0.9204310700297356" 
@@TRAX:frame "file:///home/vot-workspace/sequences/ball1/color/00000007.jpg" 
@@TRAX:state "500.0000,368.0000,40.0000,42.0000" "confidence=0.9183183237910271" 
@@TRAX:frame "file:///home/vot-workspace/sequences/ball1/color/00000008.jpg" 
@@TRAX:state "501.0000,370.0000,40.0000,42.0000" "confidence=0.9229131042957306" 
@@TRAX:frame "file:///home/vot-workspace/sequences/ball1/color/00000009.jpg" 
@@TRAX:state "502.0000,375.0000,40.0000,42.0000" "confidence=0.9326151385903358" 
@@TRAX:frame "file:///home/vot-workspace/sequences/ball1/color/00000010.jpg" 
@@TRAX:state "503.0000,383.0000,40.0000,42.0000" "confidence=0.9392373487353325" 
@@TRAX:frame "file:///home/vot-workspace/sequences/ball1/color/00000011.jpg" 
@@TRAX:state "504.0000,395.0000,40.0000,42.0000" "confidence=0.9298745542764664" 
@@TRAX:frame "file:///home/vot-workspace/sequences/ball1/color/00000012.jpg" 
@@TRAX:state "507.0000,408.0000,40.0000,42.0000" "confidence=0.9623511657118797" 
@@TRAX:frame "file:///home/vot-workspace/sequences/ball1/color/00000013.jpg" 
@@TRAX:state "508.0000,427.0000,40.0000,42.0000" "confidence=0.9472287148237228" 
@@TRAX:frame "file:///home/vot-workspace/sequences/ball1/color/00000014.jpg" 
@@TRAX:state "514.0000,422.0000,40.0000,42.0000" "confidence=0.9558396190404892" 
@@TRAX:frame "file:///home/vot-workspace/sequences/ball1/color/00000015.jpg" 
@@TRAX:state "510.0000,396.0000,40.0000,42.0000" "confidence=0.960576806217432" 
@@TRAX:frame "file:///home/vot-workspace/sequences/ball1/color/00000016.jpg" 
@@TRAX:state "509.0000,373.0000,40.0000,42.0000" "confidence=0.96121621504426" 
@@TRAX:frame "file:///home/vot-workspace/sequences/ball1/color/00000017.jpg" 
@@TRAX:state "509.0000,354.0000,40.0000,42.0000" "confidence=0.9022002667188644" 
@@TRAX:frame "file:///home/vot-workspace/sequences/ball1/color/00000018.jpg" 
@@TRAX:state "511.0000,336.0000,40.0000,42.0000" "confidence=0.8986402004957199" 
@@TRAX:frame "file:///home/vot-workspace/sequences/ball1/color/00000019.jpg" 
@@TRAX:state "522.0000,323.0000,40.0000,42.0000" "confidence=0.8354883193969727" 
@@TRAX:frame "file:///home/vot-workspace/sequences/ball1/color/00000020.jpg" 
@@TRAX:state "512.0000,310.0000,40.0000,42.0000" "confidence=0.9522062242031097" 
@@TRAX:frame "file:///home/vot-workspace/sequences/ball1/color/00000021.jpg" 
@@TRAX:state "513.0000,303.0000,40.0000,42.0000" "confidence=0.9242258369922638" 
@@TRAX:frame "file:///home/vot-workspace/sequences/ball1/color/00000022.jpg" 
@@TRAX:state "512.0000,298.0000,40.0000,42.0000" "confidence=0.9244253858923912" 
@@TRAX:frame "file:///home/vot-workspace/sequences/ball1/color/00000023.jpg" 
@@TRAX:state "511.0000,297.0000,40.0000,42.0000" "confidence=0.9219539687037468" 
@@TRAX:frame "file:///home/vot-workspace/sequences/ball1/color/00000024.jpg" 
@@TRAX:state "512.0000,298.0000,40.0000,42.0000" "confidence=0.9235487058758736" 
@@TRAX:frame "file:///home/vot-workspace/sequences/ball1/color/00000025.jpg" 
@@TRAX:state "513.0000,303.0000,40.0000,42.0000" "confidence=0.938616830855608" 
@@TRAX:frame "file:///home/vot-workspace/sequences/ball1/color/00000026.jpg" 
@@TRAX:state "513.0000,312.0000,40.0000,42.0000" "confidence=0.9423415698111057" 
@@TRAX:frame "file:///home/vot-workspace/sequences/ball1/color/00000027.jpg" 
@@TRAX:state "514.0000,322.0000,40.0000,42.0000" "confidence=0.936698205769062" 
@@TRAX:frame "file:///home/vot-workspace/sequences/ball1/color/00000028.jpg" 
@@TRAX:state "514.0000,338.0000,40.0000,42.0000" "confidence=0.9399887323379517" 
@@TRAX:frame "file:///home/vot-workspace/sequences/ball1/color/00000029.jpg" 
@@TRAX:state "515.0000,358.0000,40.0000,42.0000" "confidence=0.9441179111599922" 
@@TRAX:frame "file:///home/vot-workspace/sequences/ball1/color/00000030.jpg" 
@@TRAX:state "515.0000,377.0000,40.0000,42.0000" "confidence=0.9394508078694344" 
@@TRAX:frame "file:///home/vot-workspace/sequences/ball1/color/00000031.jpg" 
@@TRAX:state "517.0000,401.0000,40.0000,42.0000" "confidence=0.9676610827445984" 
@@TRAX:frame "file:///home/vot-workspace/sequences/ball1/color/00000032.jpg" 
@@TRAX:state "518.0000,427.0000,40.0000,42.0000" "confidence=0.9676085598766804" 
@@TRAX:frame "file:///home/vot-workspace/sequences/ball1/color/00000033.jpg" 
@@TRAX:state "520.0000,432.0000,40.0000,42.0000" "confidence=0.9626827202737331" 
@@TRAX:frame "file:///home/vot-workspace/sequences/ball1/color/00000034.jpg" 
@@TRAX:state "523.0000,409.0000,40.0000,42.0000" "confidence=0.9629430137574673" 
@@TRAX:frame "file:///home/vot-workspace/sequences/ball1/color/00000035.jpg" 
@@TRAX:state "521.0000,388.0000,40.0000,42.0000" "confidence=0.9504212625324726" 
@@TRAX:frame "file:///home/vot-workspace/sequences/ball1/color/00000036.jpg" 
@@TRAX:state "522.0000,372.0000,40.0000,42.0000" "confidence=0.9326313361525536" 
@@TRAX:frame "file:///home/vot-workspace/sequences/ball1/color/00000037.jpg" 
@@TRAX:state "528.0000,357.0000,40.0000,42.0000" "confidence=0.9156496599316597" 
@@TRAX:frame "file:///home/vot-workspace/sequences/ball1/color/00000038.jpg" 
@@TRAX:state "530.0000,345.0000,40.0000,42.0000" "confidence=0.9132504761219025" 
@@TRAX:frame "file:///home/vot-workspace/sequences/ball1/color/00000039.jpg" 
@@TRAX:state "532.0000,335.0000,40.0000,42.0000" "confidence=0.900119811296463" 
@@TRAX:frame "file:///home/vot-workspace/sequences/ball1/color/00000040.jpg" 
@@TRAX:state "536.0000,329.0000,40.0000,42.0000" "confidence=0.92278603464365" 
@@TRAX:frame "file:///home/vot-workspace/sequences/ball1/color/00000041.jpg" 
@@TRAX:state "538.0000,328.0000,40.0000,42.0000" "confidence=0.9207088947296143" 
@@TRAX:frame "file:///home/vot-workspace/sequences/ball1/color/00000042.jpg" 
@@TRAX:state "541.0000,328.0000,40.0000,42.0000" "confidence=0.9195170998573303" 
@@TRAX:frame "file:///home/vot-workspace/sequences/ball1/color/00000043.jpg" 
@@TRAX:state "543.0000,332.0000,40.0000,42.0000" "confidence=0.9035704433917999" 
@@TRAX:frame "file:///home/vot-workspace/sequences/ball1/color/00000044.jpg" 
@@TRAX:state "554.0000,339.0000,40.0000,42.0000" "confidence=0.8701650351285934" 
@@TRAX:frame "file:///home/vot-workspace/sequences/ball1/color/00000045.jpg" 
@@TRAX:state "551.0000,348.0000,40.0000,42.0000" "confidence=0.933868020772934" 
@@TRAX:frame "file:///home/vot-workspace/sequences/ball1/color/00000046.jpg" 
@@TRAX:state "551.0000,361.0000,40.0000,42.0000" "confidence=0.9710950255393982" 
@@TRAX:frame "file:///home/vot-workspace/sequences/ball1/color/00000047.jpg" 
@@TRAX:state "557.0000,377.0000,40.0000,42.0000" "confidence=0.9663904756307602" 
@@TRAX:frame "file:///home/vot-workspace/sequences/ball1/color/00000048.jpg" 
@@TRAX:state "560.0000,397.0000,40.0000,42.0000" "confidence=0.9570842683315277" 
@@TRAX:frame "file:///home/vot-workspace/sequences/ball1/color/00000049.jpg" 
@@TRAX:state "558.0000,377.0000,40.0000,42.0000" "confidence=0.9570753052830696" 
@@TRAX:frame "file:///home/vot-workspace/sequences/ball1/color/00000050.jpg" 
@@TRAX:state "547.0000,351.0000,40.0000,42.0000" "confidence=0.9502526894211769" 
@@TRAX:frame "file:///home/vot-workspace/sequences/ball1/color/00000051.jpg" 
@@TRAX:state "543.0000,326.0000,40.0000,42.0000" "confidence=0.9420053102076054" 
@@TRAX:frame "file:///home/vot-workspace/sequences/ball1/color/00000052.jpg" 
@@TRAX:state "535.0000,303.0000,40.0000,42.0000" "confidence=0.9474184103310108" 
@@TRAX:frame "file:///home/vot-workspace/sequences/ball1/color/00000053.jpg" 
@@TRAX:state "525.0000,285.0000,40.0000,42.0000" "confidence=0.9503503851592541" 
@@TRAX:frame "file:///home/vot-workspace/sequences/ball1/color/00000054.jpg" 
@@TRAX:state "521.0000,270.0000,40.0000,42.0000" "confidence=0.937785767018795" 
@@TRAX:frame "file:///home/vot-workspace/sequences/ball1/color/00000055.jpg" 
@@TRAX:state "512.0000,251.0000,40.0000,42.0000" "confidence=0.8995531350374222" 
@@TRAX:frame "file:///home/vot-workspace/sequences/ball1/color/00000056.jpg" 
@@TRAX:state "507.0000,246.0000,40.0000,42.0000" "confidence=0.9210846349596977" 
@@TRAX:frame "file:///home/vot-workspace/sequences/ball1/color/00000057.jpg" 
@@TRAX:state "501.0000,240.0000,40.0000,42.0000" "confidence=0.9283671826124191" 
@@TRAX:frame "file:///home/vot-workspace/sequences/ball1/color/00000058.jpg" 
@@TRAX:state "493.0000,237.0000,40.0000,42.0000" "confidence=0.9294512495398521" 
@@TRAX:frame "file:///home/vot-workspace/sequences/ball1/color/00000059.jpg" 
@@TRAX:state "489.0000,238.0000,40.0000,42.0000" "confidence=0.910218857228756" 
@@TRAX:frame "file:///home/vot-workspace/sequences/ball1/color/00000060.jpg" 
@@TRAX:state "480.0000,241.0000,40.0000,42.0000" "confidence=0.914236955344677" 
@@TRAX:frame "file:///home/vot-workspace/sequences/ball1/color/00000061.jpg" 
@@TRAX:state "471.0000,245.0000,40.0000,42.0000" "confidence=0.8985470533370972" 
@@TRAX:frame "file:///home/vot-workspace/sequences/ball1/color/00000062.jpg" 
@@TRAX:state "464.0000,257.0000,40.0000,42.0000" "confidence=0.9164676740765572" 
@@TRAX:frame "file:///home/vot-workspace/sequences/ball1/color/00000063.jpg" 
@@TRAX:quit 
Process exited with code (0)
