@@TRAX:hello "trax.name=" "trax.family=" "trax.image=path;" "trax.region=rectangle;" "trax.description=" "trax.version=3" "vot=python" "trax.channels=color;" 
@@TRAX:initialize "file:///home/vot-workspace/sequences/bolt1/color/00000001.jpg" "330.0400,162.4000,38.1100,50.8800" 
@@TRAX:state "330.0400,162.4000,38.1100,50.8800" 
@@TRAX:frame "file:///home/vot-workspace/sequences/bolt1/color/00000002.jpg" 
QFontDatabase: Cannot find font directory /usr/local/lib/python3.9/site-packages/cv2/qt/fonts.
Note that Qt no longer ships fonts. Deploy some (from https://dejavu-fonts.github.io/ for example) or switch to fontconfig.
QFontDatabase: Cannot find font directory /usr/local/lib/python3.9/site-packages/cv2/qt/fonts.
Note that Qt no longer ships fonts. Deploy some (from https://dejavu-fonts.github.io/ for example) or switch to fontconfig.
QFontDatabase: Cannot find font directory /usr/local/lib/python3.9/site-packages/cv2/qt/fonts.
Note that Qt no longer ships fonts. Deploy some (from https://dejavu-fonts.github.io/ for example) or switch to fontconfig.
QFontDatabase: Cannot find font directory /usr/local/lib/python3.9/site-packages/cv2/qt/fonts.
Note that Qt no longer ships fonts. Deploy some (from https://dejavu-fonts.github.io/ for example) or switch to fontconfig.
QFontDatabase: Cannot find font directory /usr/local/lib/python3.9/site-packages/cv2/qt/fonts.
Note that Qt no longer ships fonts. Deploy some (from https://dejavu-fonts.github.io/ for example) or switch to fontconfig.
@@TRAX:state "329.0000,162.0000,38.1100,50.8800" "confidence=0.8753200545907021" 
@@TRAX:frame "file:///home/vot-workspace/sequences/bolt1/color/00000003.jpg" 
@@TRAX:state "327.0000,161.0000,38.1100,50.8800" "confidence=0.8282676339149475" 
@@TRAX:frame "file:///home/vot-workspace/sequences/bolt1/color/00000004.jpg" 
@@TRAX:state "324.0000,160.0000,38.1100,50.8800" "confidence=0.7761099934577942" 
@@TRAX:frame "file:///home/vot-workspace/sequences/bolt1/color/00000005.jpg" 
@@TRAX:state "320.0000,160.0000,38.1100,50.8800" "confidence=0.7127534449100494" 
@@TRAX:frame "file:///home/vot-workspace/sequences/bolt1/color/00000006.jpg" 
@@TRAX:state "310.0000,160.0000,38.1100,50.8800" "confidence=0.716046541929245" 
@@TRAX:frame "file:///home/vot-workspace/sequences/bolt1/color/00000007.jpg" 
@@TRAX:state "305.0000,159.0000,38.1100,50.8800" "confidence=0.7276968657970428" 
@@TRAX:frame "file:///home/vot-workspace/sequences/bolt1/color/00000008.jpg" 
@@TRAX:state "302.0000,159.0000,38.1100,50.8800" "confidence=0.7236647605895996" 
@@TRAX:frame "file:///home/vot-workspace/sequences/bolt1/color/00000009.jpg" 
@@TRAX:state "296.0000,159.0000,38.1100,50.8800" "confidence=0.7105577886104584" 
@@TRAX:frame "file:///home/vot-workspace/sequences/bolt1/color/00000010.jpg" 
@@TRAX:state "288.0000,158.0000,38.1100,50.8800" "confidence=0.727971613407135" 
@@TRAX:quit 
@@TRAX:hello "trax.name=" "trax.family=" "trax.image=path;" "trax.region=rectangle;" "trax.description=" "trax.version=3" "vot=python" "trax.channels=color;" 
@@TRAX:initialize "file:///home/vot-workspace/sequences/bolt1/color/00000015.jpg" "326.8600,167.3500,29.7700,68.3500" 
@@TRAX:state "326.8600,167.3500,29.7700,68.3500" 
@@TRAX:frame "file:///home/vot-workspace/sequences/bolt1/color/00000016.jpg" 
QFontDatabase: Cannot find font directory /usr/local/lib/python3.9/site-packages/cv2/qt/fonts.
Note that Qt no longer ships fonts. Deploy some (from https://dejavu-fonts.github.io/ for example) or switch to fontconfig.
QFontDatabase: Cannot find font directory /usr/local/lib/python3.9/site-packages/cv2/qt/fonts.
Note that Qt no longer ships fonts. Deploy some (from https://dejavu-fonts.github.io/ for example) or switch to fontconfig.
QFontDatabase: Cannot find font directory /usr/local/lib/python3.9/site-packages/cv2/qt/fonts.
Note that Qt no longer ships fonts. Deploy some (from https://dejavu-fonts.github.io/ for example) or switch to fontconfig.
QFontDatabase: Cannot find font directory /usr/local/lib/python3.9/site-packages/cv2/qt/fonts.
Note that Qt no longer ships fonts. Deploy some (from https://dejavu-fonts.github.io/ for example) or switch to fontconfig.
QFontDatabase: Cannot find font directory /usr/local/lib/python3.9/site-packages/cv2/qt/fonts.
Note that Qt no longer ships fonts. Deploy some (from https://dejavu-fonts.github.io/ for example) or switch to fontconfig.
@@TRAX:state "325.0000,167.0000,29.7700,68.3500" "confidence=0.8489324450492859" 
@@TRAX:frame "file:///home/vot-workspace/sequences/bolt1/color/00000017.jpg" 
@@TRAX:state "319.0000,170.0000,29.7700,68.3500" "confidence=0.6740750372409821" 
@@TRAX:frame "file:///home/vot-workspace/sequences/bolt1/color/00000018.jpg" 
@@TRAX:state "317.0000,171.0000,29.7700,68.3500" "confidence=0.6508921980857849" 
@@TRAX:frame "file:///home/vot-workspace/sequences/bolt1/color/00000019.jpg" 
@@TRAX:state "316.0000,174.0000,29.7700,68.3500" "confidence=0.6533235907554626" 
@@TRAX:frame "file:///home/vot-workspace/sequences/bolt1/color/00000020.jpg" 
@@TRAX:state "317.0000,179.0000,29.7700,68.3500" "confidence=0.6733726263046265" 
@@TRAX:frame "file:///home/vot-workspace/sequences/bolt1/color/00000021.jpg" 
@@TRAX:state "320.0000,180.0000,29.7700,68.3500" "confidence=0.6665530204772949" 
@@TRAX:frame "file:///home/vot-workspace/sequences/bolt1/color/00000022.jpg" 
@@TRAX:state "330.0000,164.0000,29.7700,68.3500" "confidence=0.6780440211296082" 
@@TRAX:frame "file:///home/vot-workspace/sequences/bolt1/color/00000023.jpg" 
@@TRAX:state "329.0000,166.0000,29.7700,68.3500" "confidence=0.6640598773956299" 
@@TRAX:frame "file:///home/vot-workspace/sequences/bolt1/color/00000024.jpg" 
@@TRAX:state "324.0000,164.0000,29.7700,68.3500" "confidence=0.6678147614002228" 
@@TRAX:frame "file:///home/vot-workspace/sequences/bolt1/color/00000025.jpg" 
@@TRAX:state "327.0000,160.0000,29.7700,68.3500" "confidence=0.6674366295337677" 
@@TRAX:frame "file:///home/vot-workspace/sequences/bolt1/color/00000026.jpg" 
@@TRAX:state "327.0000,160.0000,29.7700,68.3500" "confidence=0.6950130760669708" 
@@TRAX:frame "file:///home/vot-workspace/sequences/bolt1/color/00000027.jpg" 
@@TRAX:state "327.0000,163.0000,29.7700,68.3500" "confidence=0.7436826229095459" 
@@TRAX:frame "file:///home/vot-workspace/sequences/bolt1/color/00000028.jpg" 
@@TRAX:state "322.0000,161.0000,29.7700,68.3500" "confidence=0.6708030998706818" 
@@TRAX:frame "file:///home/vot-workspace/sequences/bolt1/color/00000029.jpg" 
@@TRAX:state "315.0000,169.0000,29.7700,68.3500" "confidence=0.640198677778244" 
@@TRAX:frame "file:///home/vot-workspace/sequences/bolt1/color/00000030.jpg" 
@@TRAX:state "318.0000,158.0000,29.7700,68.3500" "confidence=0.6657910645008087" 
@@TRAX:frame "file:///home/vot-workspace/sequences/bolt1/color/00000031.jpg" 
@@TRAX:state "323.0000,160.0000,29.7700,68.3500" "confidence=0.6785112023353577" 
@@TRAX:frame "file:///home/vot-workspace/sequences/bolt1/color/00000032.jpg" 
@@TRAX:state "332.0000,156.0000,29.7700,68.3500" "confidence=0.674456000328064" 
@@TRAX:frame "file:///home/vot-workspace/sequences/bolt1/color/00000033.jpg" 
@@TRAX:state "329.0000,157.0000,29.7700,68.3500" "confidence=0.6831974387168884" 
@@TRAX:frame "file:///home/vot-workspace/sequences/bolt1/color/00000034.jpg" 
@@TRAX:state "327.0000,156.0000,29.7700,68.3500" "confidence=0.6562541127204895" 
@@TRAX:frame "file:///home/vot-workspace/sequences/bolt1/color/00000035.jpg" 
@@TRAX:state "330.0000,156.0000,29.7700,68.3500" "confidence=0.6569185256958008" 
@@TRAX:frame "file:///home/vot-workspace/sequences/bolt1/color/00000036.jpg" 
@@TRAX:state "330.0000,155.0000,29.7700,68.3500" "confidence=0.685298353433609" 
@@TRAX:frame "file:///home/vot-workspace/sequences/bolt1/color/00000037.jpg" 
@@TRAX:state "330.0000,159.0000,29.7700,68.3500" "confidence=0.6967952251434326" 
@@TRAX:frame "file:///home/vot-workspace/sequences/bolt1/color/00000038.jpg" 
@@TRAX:state "326.0000,159.0000,29.7700,68.3500" "confidence=0.6859082877635956" 
@@TRAX:frame "file:///home/vot-workspace/sequences/bolt1/color/00000039.jpg" 
@@TRAX:state "324.0000,158.0000,29.7700,68.3500" "confidence=0.6622442901134491" 
@@TRAX:frame "file:///home/vot-workspace/sequences/bolt1/color/00000040.jpg" 
@@TRAX:state "320.0000,164.0000,29.7700,68.3500" "confidence=0.6319900155067444" 
@@TRAX:frame "file:///home/vot-workspace/sequences/bolt1/color/00000041.jpg" 
@@TRAX:state "320.0000,166.0000,29.7700,68.3500" "confidence=0.6448485255241394" 
@@TRAX:frame "file:///home/vot-workspace/sequences/bolt1/color/00000042.jpg" 
@@TRAX:state "327.0000,157.0000,29.7700,68.3500" "confidence=0.6506136655807495" 
@@TRAX:frame "file:///home/vot-workspace/sequences/bolt1/color/00000043.jpg" 
@@TRAX:state "331.0000,155.0000,29.7700,68.3500" "confidence=0.6674164235591888" 
@@TRAX:frame "file:///home/vot-workspace/sequences/bolt1/color/00000044.jpg" 
@@TRAX:state "332.0000,156.0000,29.7700,68.3500" "confidence=0.6879071295261383" 
@@TRAX:frame "file:///home/vot-workspace/sequences/bolt1/color/00000045.jpg" 
@@TRAX:state "330.0000,150.0000,29.7700,68.3500" "confidence=0.6647886335849762" 
@@TRAX:frame "file:///home/vot-workspace/sequences/bolt1/color/00000046.jpg" 
@@TRAX:state "331.0000,152.0000,29.7700,68.3500" "confidence=0.649897575378418" 
@@TRAX:frame "file:///home/vot-workspace/sequences/bolt1/color/00000047.jpg" 
@@TRAX:state "331.0000,154.0000,29.7700,68.3500" "confidence=0.683380663394928" 
@@TRAX:frame "file:///home/vot-workspace/sequences/bolt1/color/00000048.jpg" 
@@TRAX:state "330.0000,158.0000,29.7700,68.3500" "confidence=0.6691977679729462" 
@@TRAX:frame "file:///home/vot-workspace/sequences/bolt1/color/00000049.jpg" 
@@TRAX:state "329.0000,159.0000,29.7700,68.3500" "confidence=0.6928345859050751" 
@@TRAX:frame "file:///home/vot-workspace/sequences/bolt1/color/00000050.jpg" 
@@TRAX:state "325.0000,177.0000,29.7700,68.3500" "confidence=0.6295647323131561" 
@@TRAX:frame "file:///home/vot-workspace/sequences/bolt1/color/00000051.jpg" 
@@TRAX:state "329.0000,178.0000,29.7700,68.3500" "confidence=0.6334644556045532" 
@@TRAX:frame "file:///home/vot-workspace/sequences/bolt1/color/00000052.jpg" 
@@TRAX:state "324.0000,157.0000,29.7700,68.3500" "confidence=0.6643737852573395" 
@@TRAX:frame "file:///home/vot-workspace/sequences/bolt1/color/00000053.jpg" 
@@TRAX:state "332.0000,159.0000,29.7700,68.3500" "confidence=0.6564365923404694" 
@@TRAX:frame "file:///home/vot-workspace/sequences/bolt1/color/00000054.jpg" 
@@TRAX:state "334.0000,156.0000,29.7700,68.3500" "confidence=0.6778599321842194" 
@@TRAX:frame "file:///home/vot-workspace/sequences/bolt1/color/00000055.jpg" 
@@TRAX:state "336.0000,154.0000,29.7700,68.3500" "confidence=0.668939858675003" 
@@TRAX:frame "file:///home/vot-workspace/sequences/bolt1/color/00000056.jpg" 
@@TRAX:state "335.0000,154.0000,29.7700,68.3500" "confidence=0.6575839221477509" 
@@TRAX:frame "file:///home/vot-workspace/sequences/bolt1/color/00000057.jpg" 
@@TRAX:state "336.0000,155.0000,29.7700,68.3500" "confidence=0.6815952658653259" 
@@TRAX:frame "file:///home/vot-workspace/sequences/bolt1/color/00000058.jpg" 
@@TRAX:state "336.0000,157.0000,29.7700,68.3500" "confidence=0.6862425208091736" 
@@TRAX:frame "file:///home/vot-workspace/sequences/bolt1/color/00000059.jpg" 
@@TRAX:state "336.0000,160.0000,29.7700,68.3500" "confidence=0.6906076073646545" 
@@TRAX:frame "file:///home/vot-workspace/sequences/bolt1/color/00000060.jpg" 
@@TRAX:state "328.0000,177.0000,29.7700,68.3500" "confidence=0.6430296897888184" 
@@TRAX:frame "file:///home/vot-workspace/sequences/bolt1/color/00000061.jpg" 
@@TRAX:state "323.0000,166.0000,29.7700,68.3500" "confidence=0.6348804831504822" 
@@TRAX:frame "file:///home/vot-workspace/sequences/bolt1/color/00000062.jpg" 
@@TRAX:state "325.0000,159.0000,29.7700,68.3500" "confidence=0.649664580821991" 
@@TRAX:frame "file:///home/vot-workspace/sequences/bolt1/color/00000063.jpg" 
@@TRAX:state "333.0000,152.0000,29.7700,68.3500" "confidence=0.6584492921829224" 
@@TRAX:frame "file:///home/vot-workspace/sequences/bolt1/color/00000064.jpg" 
@@TRAX:state "333.0000,154.0000,29.7700,68.3500" "confidence=0.6627155244350433" 
@@TRAX:frame "file:///home/vot-workspace/sequences/bolt1/color/00000065.jpg" 
@@TRAX:state "328.0000,158.0000,29.7700,68.3500" "confidence=0.690706878900528" 
@@TRAX:frame "file:///home/vot-workspace/sequences/bolt1/color/00000066.jpg" 
@@TRAX:state "328.0000,151.0000,29.7700,68.3500" "confidence=0.6388818621635437" 
@@TRAX:frame "file:///home/vot-workspace/sequences/bolt1/color/00000067.jpg" 
@@TRAX:state "326.0000,154.0000,29.7700,68.3500" "confidence=0.6570368707180023" 
@@TRAX:frame "file:///home/vot-workspace/sequences/bolt1/color/00000068.jpg" 
@@TRAX:state "324.0000,152.0000,29.7700,68.3500" "confidence=0.6837542355060577" 
@@TRAX:frame "file:///home/vot-workspace/sequences/bolt1/color/00000069.jpg" 
@@TRAX:state "323.0000,159.0000,29.7700,68.3500" "confidence=0.677909791469574" 
@@TRAX:frame "file:///home/vot-workspace/sequences/bolt1/color/00000070.jpg" 
@@TRAX:state "318.0000,158.0000,29.7700,68.3500" "confidence=0.6767755448818207" 
@@TRAX:frame "file:///home/vot-workspace/sequences/bolt1/color/00000071.jpg" 
@@TRAX:state "318.0000,178.0000,29.7700,68.3500" "confidence=0.6349138617515564" 
@@TRAX:frame "file:///home/vot-workspace/sequences/bolt1/color/00000072.jpg" 
@@TRAX:state "318.0000,152.0000,29.7700,68.3500" "confidence=0.6354688704013824" 
@@TRAX:frame "file:///home/vot-workspace/sequences/bolt1/color/00000073.jpg" 
@@TRAX:state "313.0000,177.0000,29.7700,68.3500" "confidence=0.6505293846130371" 
@@TRAX:frame "file:///home/vot-workspace/sequences/bolt1/color/00000074.jpg" 
@@TRAX:state "322.0000,153.0000,29.7700,68.3500" "confidence=0.6519622802734375" 
@@TRAX:frame "file:///home/vot-workspace/sequences/bolt1/color/00000075.jpg" 
@@TRAX:state "322.0000,160.0000,29.7700,68.3500" "confidence=0.6620368361473083" 
@@TRAX:frame "file:///home/vot-workspace/sequences/bolt1/color/00000076.jpg" 
@@TRAX:state "297.0000,138.0000,29.7700,68.3500" "confidence=0.6287755370140076" 
@@TRAX:frame "file:///home/vot-workspace/sequences/bolt1/color/00000077.jpg" 
@@TRAX:state "298.0000,135.0000,29.7700,68.3500" "confidence=0.645476907491684" 
@@TRAX:frame "file:///home/vot-workspace/sequences/bolt1/color/00000078.jpg" 
@@TRAX:state "322.0000,154.0000,29.7700,68.3500" "confidence=0.666541337966919" 
@@TRAX:frame "file:///home/vot-workspace/sequences/bolt1/color/00000079.jpg" 
@@TRAX:state "321.0000,157.0000,29.7700,68.3500" "confidence=0.6734710037708282" 
@@TRAX:frame "file:///home/vot-workspace/sequences/bolt1/color/00000080.jpg" 
@@TRAX:state "318.0000,164.0000,29.7700,68.3500" "confidence=0.6779901385307312" 
@@TRAX:frame "file:///home/vot-workspace/sequences/bolt1/color/00000081.jpg" 
@@TRAX:state "317.0000,164.0000,29.7700,68.3500" "confidence=0.6619713008403778" 
@@TRAX:frame "file:///home/vot-workspace/sequences/bolt1/color/00000082.jpg" 
@@TRAX:state "321.0000,180.0000,29.7700,68.3500" "confidence=0.6293514370918274" 
@@TRAX:frame "file:///home/vot-workspace/sequences/bolt1/color/00000083.jpg" 
@@TRAX:state "315.0000,159.0000,29.7700,68.3500" "confidence=0.6601730287075043" 
@@TRAX:frame "file:///home/vot-workspace/sequences/bolt1/color/00000084.jpg" 
@@TRAX:state "322.0000,156.0000,29.7700,68.3500" "confidence=0.6652466356754303" 
@@TRAX:frame "file:///home/vot-workspace/sequences/bolt1/color/00000085.jpg" 
@@TRAX:state "323.0000,156.0000,29.7700,68.3500" "confidence=0.6718624234199524" 
@@TRAX:frame "file:///home/vot-workspace/sequences/bolt1/color/00000086.jpg" 
@@TRAX:state "324.0000,155.0000,29.7700,68.3500" "confidence=0.6703805923461914" 
@@TRAX:frame "file:///home/vot-workspace/sequences/bolt1/color/00000087.jpg" 
@@TRAX:state "298.0000,137.0000,29.7700,68.3500" "confidence=0.6286763846874237" 
@@TRAX:frame "file:///home/vot-workspace/sequences/bolt1/color/00000088.jpg" 
@@TRAX:state "288.0000,134.0000,29.7700,68.3500" "confidence=0.6292337775230408" 
@@TRAX:quit 
@@TRAX:hello "trax.name=" "trax.family=" "trax.image=path;" "trax.region=rectangle;" "trax.description=" "trax.version=3" "vot=python" "trax.channels=color;" 
@@TRAX:initialize "file:///home/vot-workspace/sequences/bolt1/color/00000093.jpg" "332.4500,150.8000,27.8000,69.9300" 
@@TRAX:state "332.4500,150.8000,27.8000,69.9300" 
@@TRAX:frame "file:///home/vot-workspace/sequences/bolt1/color/00000094.jpg" 
QFontDatabase: Cannot find font directory /usr/local/lib/python3.9/site-packages/cv2/qt/fonts.
Note that Qt no longer ships fonts. Deploy some (from https://dejavu-fonts.github.io/ for example) or switch to fontconfig.
QFontDatabase: Cannot find font directory /usr/local/lib/python3.9/site-packages/cv2/qt/fonts.
Note that Qt no longer ships fonts. Deploy some (from https://dejavu-fonts.github.io/ for example) or switch to fontconfig.
QFontDatabase: Cannot find font directory /usr/local/lib/python3.9/site-packages/cv2/qt/fonts.
Note that Qt no longer ships fonts. Deploy some (from https://dejavu-fonts.github.io/ for example) or switch to fontconfig.
QFontDatabase: Cannot find font directory /usr/local/lib/python3.9/site-packages/cv2/qt/fonts.
Note that Qt no longer ships fonts. Deploy some (from https://dejavu-fonts.github.io/ for example) or switch to fontconfig.
QFontDatabase: Cannot find font directory /usr/local/lib/python3.9/site-packages/cv2/qt/fonts.
Note that Qt no longer ships fonts. Deploy some (from https://dejavu-fonts.github.io/ for example) or switch to fontconfig.
@@TRAX:state "334.0000,150.0000,27.8000,69.9300" "confidence=0.8590503185987473" 
@@TRAX:frame "file:///home/vot-workspace/sequences/bolt1/color/00000095.jpg" 
@@TRAX:state "333.0000,149.0000,27.8000,69.9300" "confidence=0.8055955916643143" 
@@TRAX:frame "file:///home/vot-workspace/sequences/bolt1/color/00000096.jpg" 
@@TRAX:state "308.0000,125.0000,27.8000,69.9300" "confidence=0.7551563829183578" 
@@TRAX:frame "file:///home/vot-workspace/sequences/bolt1/color/00000097.jpg" 
@@TRAX:state "297.0000,104.0000,27.8000,69.9300" "confidence=0.7586162835359573" 
@@TRAX:quit 
@@TRAX:hello "trax.name=" "trax.family=" "trax.image=path;" "trax.region=rectangle;" "trax.description=" "trax.version=3" "vot=python" "trax.channels=color;" 
@@TRAX:initialize "file:///home/vot-workspace/sequences/bolt1/color/00000102.jpg" "336.4800,144.0100,34.3100,72.8600" 
@@TRAX:state "336.4800,144.0100,34.3100,72.8600" 
@@TRAX:frame "file:///home/vot-workspace/sequences/bolt1/color/00000103.jpg" 
QFontDatabase: Cannot find font directory /usr/local/lib/python3.9/site-packages/cv2/qt/fonts.
Note that Qt no longer ships fonts. Deploy some (from https://dejavu-fonts.github.io/ for example) or switch to fontconfig.
QFontDatabase: Cannot find font directory /usr/local/lib/python3.9/site-packages/cv2/qt/fonts.
Note that Qt no longer ships fonts. Deploy some (from https://dejavu-fonts.github.io/ for example) or switch to fontconfig.
QFontDatabase: Cannot find font directory /usr/local/lib/python3.9/site-packages/cv2/qt/fonts.
Note that Qt no longer ships fonts. Deploy some (from https://dejavu-fonts.github.io/ for example) or switch to fontconfig.
QFontDatabase: Cannot find font directory /usr/local/lib/python3.9/site-packages/cv2/qt/fonts.
Note that Qt no longer ships fonts. Deploy some (from https://dejavu-fonts.github.io/ for example) or switch to fontconfig.
QFontDatabase: Cannot find font directory /usr/local/lib/python3.9/site-packages/cv2/qt/fonts.
Note that Qt no longer ships fonts. Deploy some (from https://dejavu-fonts.github.io/ for example) or switch to fontconfig.
@@TRAX:state "336.0000,144.0000,34.3100,72.8600" "confidence=0.8308986276388168" 
@@TRAX:frame "file:///home/vot-workspace/sequences/bolt1/color/00000104.jpg" 
@@TRAX:state "334.0000,143.0000,34.3100,72.8600" "confidence=0.7697998136281967" 
@@TRAX:frame "file:///home/vot-workspace/sequences/bolt1/color/00000105.jpg" 
@@TRAX:state "336.0000,143.0000,34.3100,72.8600" "confidence=0.7553795874118805" 
@@TRAX:frame "file:///home/vot-workspace/sequences/bolt1/color/00000106.jpg" 
@@TRAX:state "335.0000,143.0000,34.3100,72.8600" "confidence=0.7481131255626678" 
@@TRAX:frame "file:///home/vot-workspace/sequences/bolt1/color/00000107.jpg" 
@@TRAX:state "335.0000,143.0000,34.3100,72.8600" "confidence=0.7238741815090179" 
@@TRAX:frame "file:///home/vot-workspace/sequences/bolt1/color/00000108.jpg" 
@@TRAX:state "335.0000,143.0000,34.3100,72.8600" "confidence=0.7133319973945618" 
@@TRAX:frame "file:///home/vot-workspace/sequences/bolt1/color/00000109.jpg" 
@@TRAX:state "342.0000,145.0000,34.3100,72.8600" "confidence=0.7237541973590851" 
@@TRAX:frame "file:///home/vot-workspace/sequences/bolt1/color/00000110.jpg" 
@@TRAX:state "342.0000,145.0000,34.3100,72.8600" "confidence=0.7202880382537842" 
@@TRAX:frame "file:///home/vot-workspace/sequences/bolt1/color/00000111.jpg" 
@@TRAX:state "340.0000,145.0000,34.3100,72.8600" "confidence=0.7471294403076172" 
@@TRAX:frame "file:///home/vot-workspace/sequences/bolt1/color/00000112.jpg" 
@@TRAX:state "345.0000,146.0000,34.3100,72.8600" "confidence=0.7310533821582794" 
@@TRAX:frame "file:///home/vot-workspace/sequences/bolt1/color/00000113.jpg" 
@@TRAX:state "348.0000,147.0000,34.3100,72.8600" "confidence=0.7960390448570251" 
@@TRAX:frame "file:///home/vot-workspace/sequences/bolt1/color/00000114.jpg" 
@@TRAX:state "350.0000,147.0000,34.3100,72.8600" "confidence=0.7329220175743103" 
@@TRAX:frame "file:///home/vot-workspace/sequences/bolt1/color/00000115.jpg" 
@@TRAX:state "352.0000,148.0000,34.3100,72.8600" "confidence=0.7249426543712616" 
@@TRAX:frame "file:///home/vot-workspace/sequences/bolt1/color/00000116.jpg" 
@@TRAX:state "350.0000,147.0000,34.3100,72.8600" "confidence=0.7162365019321442" 
@@TRAX:frame "file:///home/vot-workspace/sequences/bolt1/color/00000117.jpg" 
@@TRAX:state "328.0000,123.0000,34.3100,72.8600" "confidence=0.6936001181602478" 
@@TRAX:frame "file:///home/vot-workspace/sequences/bolt1/color/00000118.jpg" 
@@TRAX:state "313.0000,119.0000,34.3100,72.8600" "confidence=0.695044070482254" 
@@TRAX:quit 
@@TRAX:hello "trax.name=" "trax.family=" "trax.image=path;" "trax.region=rectangle;" "trax.description=" "trax.version=3" "vot=python" "trax.channels=color;" 
@@TRAX:initialize "file:///home/vot-workspace/sequences/bolt1/color/00000123.jpg" "365.5000,144.6600,35.2200,82.8200" 
@@TRAX:state "365.5000,144.6600,35.2200,82.8200" 
@@TRAX:frame "file:///home/vot-workspace/sequences/bolt1/color/00000124.jpg" 
QFontDatabase: Cannot find font directory /usr/local/lib/python3.9/site-packages/cv2/qt/fonts.
Note that Qt no longer ships fonts. Deploy some (from https://dejavu-fonts.github.io/ for example) or switch to fontconfig.
QFontDatabase: Cannot find font directory /usr/local/lib/python3.9/site-packages/cv2/qt/fonts.
Note that Qt no longer ships fonts. Deploy some (from https://dejavu-fonts.github.io/ for example) or switch to fontconfig.
QFontDatabase: Cannot find font directory /usr/local/lib/python3.9/site-packages/cv2/qt/fonts.
Note that Qt no longer ships fonts. Deploy some (from https://dejavu-fonts.github.io/ for example) or switch to fontconfig.
QFontDatabase: Cannot find font directory /usr/local/lib/python3.9/site-packages/cv2/qt/fonts.
Note that Qt no longer ships fonts. Deploy some (from https://dejavu-fonts.github.io/ for example) or switch to fontconfig.
QFontDatabase: Cannot find font directory /usr/local/lib/python3.9/site-packages/cv2/qt/fonts.
Note that Qt no longer ships fonts. Deploy some (from https://dejavu-fonts.github.io/ for example) or switch to fontconfig.
@@TRAX:state "364.0000,144.0000,35.2200,82.8200" "confidence=0.8072319775819778" 
@@TRAX:frame "file:///home/vot-workspace/sequences/bolt1/color/00000125.jpg" 
@@TRAX:state "363.0000,144.0000,35.2200,82.8200" "confidence=0.7739086896181107" 
@@TRAX:frame "file:///home/vot-workspace/sequences/bolt1/color/00000126.jpg" 
@@TRAX:state "363.0000,144.0000,35.2200,82.8200" "confidence=0.6842410862445831" 
@@TRAX:frame "file:///home/vot-workspace/sequences/bolt1/color/00000127.jpg" 
@@TRAX:state "361.0000,144.0000,35.2200,82.8200" "confidence=0.6623725593090057" 
@@TRAX:frame "file:///home/vot-workspace/sequences/bolt1/color/00000128.jpg" 
@@TRAX:state "370.0000,144.0000,35.2200,82.8200" "confidence=0.6276856362819672" 
@@TRAX:frame "file:///home/vot-workspace/sequences/bolt1/color/00000129.jpg" 
@@TRAX:state "368.0000,141.0000,35.2200,82.8200" "confidence=0.6290489733219147" 
@@TRAX:frame "file:///home/vot-workspace/sequences/bolt1/color/00000130.jpg" 
@@TRAX:state "362.0000,145.0000,35.2200,82.8200" "confidence=0.6129019260406494" 
@@TRAX:frame "file:///home/vot-workspace/sequences/bolt1/color/00000131.jpg" 
@@TRAX:state "368.0000,143.0000,35.2200,82.8200" "confidence=0.6287493109703064" 
@@TRAX:frame "file:///home/vot-workspace/sequences/bolt1/color/00000132.jpg" 
@@TRAX:state "369.0000,145.0000,35.2200,82.8200" "confidence=0.6173414289951324" 
@@TRAX:frame "file:///home/vot-workspace/sequences/bolt1/color/00000133.jpg" 
@@TRAX:state "371.0000,146.0000,35.2200,82.8200" "confidence=0.6210607886314392" 
@@TRAX:frame "file:///home/vot-workspace/sequences/bolt1/color/00000134.jpg" 
@@TRAX:state "376.0000,150.0000,35.2200,82.8200" "confidence=0.7051218152046204" 
@@TRAX:frame "file:///home/vot-workspace/sequences/bolt1/color/00000135.jpg" 
@@TRAX:state "379.0000,150.0000,35.2200,82.8200" "confidence=0.645469069480896" 
@@TRAX:frame "file:///home/vot-workspace/sequences/bolt1/color/00000136.jpg" 
@@TRAX:state "378.0000,151.0000,35.2200,82.8200" "confidence=0.6443383097648621" 
@@TRAX:frame "file:///home/vot-workspace/sequences/bolt1/color/00000137.jpg" 
@@TRAX:state "369.0000,169.0000,35.2200,82.8200" "confidence=0.6470244526863098" 
@@TRAX:frame "file:///home/vot-workspace/sequences/bolt1/color/00000138.jpg" 
@@TRAX:state "386.0000,153.0000,35.2200,82.8200" "confidence=0.6238910853862762" 
@@TRAX:frame "file:///home/vot-workspace/sequences/bolt1/color/00000139.jpg" 
@@TRAX:state "389.0000,154.0000,35.2200,82.8200" "confidence=0.6651557981967926" 
@@TRAX:frame "file:///home/vot-workspace/sequences/bolt1/color/00000140.jpg" 
@@TRAX:state "388.0000,154.0000,35.2200,82.8200" "confidence=0.6181558966636658" 
@@TRAX:frame "file:///home/vot-workspace/sequences/bolt1/color/00000141.jpg" 
@@TRAX:state "389.0000,153.0000,35.2200,82.8200" "confidence=0.6207937002182007" 
@@TRAX:frame "file:///home/vot-workspace/sequences/bolt1/color/00000142.jpg" 
@@TRAX:state "389.0000,153.0000,35.2200,82.8200" "confidence=0.631470799446106" 
@@TRAX:frame "file:///home/vot-workspace/sequences/bolt1/color/00000143.jpg" 
@@TRAX:state "392.0000,156.0000,35.2200,82.8200" "confidence=0.6352398991584778" 
@@TRAX:frame "file:///home/vot-workspace/sequences/bolt1/color/00000144.jpg" 
@@TRAX:state "392.0000,156.0000,35.2200,82.8200" "confidence=0.6198926568031311" 
@@TRAX:frame "file:///home/vot-workspace/sequences/bolt1/color/00000145.jpg" 
@@TRAX:state "394.0000,158.0000,35.2200,82.8200" "confidence=0.7462604641914368" 
@@TRAX:frame "file:///home/vot-workspace/sequences/bolt1/color/00000146.jpg" 
@@TRAX:state "397.0000,159.0000,35.2200,82.8200" "confidence=0.6536113023757935" 
@@TRAX:frame "file:///home/vot-workspace/sequences/bolt1/color/00000147.jpg" 
@@TRAX:state "399.0000,159.0000,35.2200,82.8200" "confidence=0.6153576970100403" 
@@TRAX:frame "file:///home/vot-workspace/sequences/bolt1/color/00000148.jpg" 
@@TRAX:state "379.0000,159.0000,35.2200,82.8200" "confidence=0.6060473322868347" 
@@TRAX:frame "file:///home/vot-workspace/sequences/bolt1/color/00000149.jpg" 
@@TRAX:state "355.0000,150.0000,35.2200,82.8200" "confidence=0.6073373258113861" 
@@TRAX:quit 
@@TRAX:hello "trax.name=" "trax.family=" "trax.image=path;" "trax.region=rectangle;" "trax.description=" "trax.version=3" "vot=python" "trax.channels=color;" 
@@TRAX:initialize "file:///home/vot-workspace/sequences/bolt1/color/00000154.jpg" "411.3400,163.5800,30.7400,96.0100" 
@@TRAX:state "411.3400,163.5800,30.7400,96.0100" 
@@TRAX:frame "file:///home/vot-workspace/sequences/bolt1/color/00000155.jpg" 
QFontDatabase: Cannot find font directory /usr/local/lib/python3.9/site-packages/cv2/qt/fonts.
Note that Qt no longer ships fonts. Deploy some (from https://dejavu-fonts.github.io/ for example) or switch to fontconfig.
QFontDatabase: Cannot find font directory /usr/local/lib/python3.9/site-packages/cv2/qt/fonts.
Note that Qt no longer ships fonts. Deploy some (from https://dejavu-fonts.github.io/ for example) or switch to fontconfig.
QFontDatabase: Cannot find font directory /usr/local/lib/python3.9/site-packages/cv2/qt/fonts.
Note that Qt no longer ships fonts. Deploy some (from https://dejavu-fonts.github.io/ for example) or switch to fontconfig.
QFontDatabase: Cannot find font directory /usr/local/lib/python3.9/site-packages/cv2/qt/fonts.
Note that Qt no longer ships fonts. Deploy some (from https://dejavu-fonts.github.io/ for example) or switch to fontconfig.
QFontDatabase: Cannot find font directory /usr/local/lib/python3.9/site-packages/cv2/qt/fonts.
Note that Qt no longer ships fonts. Deploy some (from https://dejavu-fonts.github.io/ for example) or switch to fontconfig.
@@TRAX:state "410.0000,162.0000,30.7400,96.0100" "confidence=0.7928071320056915" 
@@TRAX:frame "file:///home/vot-workspace/sequences/bolt1/color/00000156.jpg" 
@@TRAX:state "410.0000,162.0000,30.7400,96.0100" "confidence=0.7617154121398926" 
@@TRAX:frame "file:///home/vot-workspace/sequences/bolt1/color/00000157.jpg" 
@@TRAX:state "411.0000,162.0000,30.7400,96.0100" "confidence=0.7448892593383789" 
@@TRAX:frame "file:///home/vot-workspace/sequences/bolt1/color/00000158.jpg" 
@@TRAX:state "411.0000,162.0000,30.7400,96.0100" "confidence=0.7707529067993164" 
@@TRAX:frame "file:///home/vot-workspace/sequences/bolt1/color/00000159.jpg" 
@@TRAX:state "411.0000,162.0000,30.7400,96.0100" "confidence=0.7820292264223099" 
@@TRAX:frame "file:///home/vot-workspace/sequences/bolt1/color/00000160.jpg" 
@@TRAX:state "411.0000,162.0000,30.7400,96.0100" "confidence=0.8007075488567352" 
@@TRAX:frame "file:///home/vot-workspace/sequences/bolt1/color/00000161.jpg" 
@@TRAX:state "413.0000,163.0000,30.7400,96.0100" "confidence=0.6749923527240753" 
@@TRAX:frame "file:///home/vot-workspace/sequences/bolt1/color/00000162.jpg" 
@@TRAX:state "413.0000,163.0000,30.7400,96.0100" "confidence=0.6440866887569427" 
@@TRAX:frame "file:///home/vot-workspace/sequences/bolt1/color/00000163.jpg" 
@@TRAX:state "413.0000,163.0000,30.7400,96.0100" "confidence=0.6963945925235748" 
@@TRAX:frame "file:///home/vot-workspace/sequences/bolt1/color/00000164.jpg" 
@@TRAX:state "415.0000,164.0000,30.7400,96.0100" "confidence=0.6886387169361115" 
@@TRAX:frame "file:///home/vot-workspace/sequences/bolt1/color/00000165.jpg" 
@@TRAX:state "419.0000,165.0000,30.7400,96.0100" "confidence=0.7262088358402252" 
@@TRAX:frame "file:///home/vot-workspace/sequences/bolt1/color/00000166.jpg" 
@@TRAX:state "421.0000,165.0000,30.7400,96.0100" "confidence=0.7197623252868652" 
@@TRAX:frame "file:///home/vot-workspace/sequences/bolt1/color/00000167.jpg" 
@@TRAX:state "422.0000,185.0000,30.7400,96.0100" "confidence=0.6841128766536713" 
@@TRAX:frame "file:///home/vot-workspace/sequences/bolt1/color/00000168.jpg" 
@@TRAX:state "426.0000,185.0000,30.7400,96.0100" "confidence=0.6760769188404083" 
@@TRAX:frame "file:///home/vot-workspace/sequences/bolt1/color/00000169.jpg" 
@@TRAX:state "434.0000,185.0000,30.7400,96.0100" "confidence=0.672550618648529" 
@@TRAX:frame "file:///home/vot-workspace/sequences/bolt1/color/00000170.jpg" 
@@TRAX:state "441.0000,185.0000,30.7400,96.0100" "confidence=0.7013711631298065" 
@@TRAX:frame "file:///home/vot-workspace/sequences/bolt1/color/00000171.jpg" 
@@TRAX:state "445.0000,185.0000,30.7400,96.0100" "confidence=0.6880223155021667" 
@@TRAX:frame "file:///home/vot-workspace/sequences/bolt1/color/00000172.jpg" 
@@TRAX:state "451.0000,165.0000,30.7400,96.0100" "confidence=0.6534184813499451" 
@@TRAX:frame "file:///home/vot-workspace/sequences/bolt1/color/00000173.jpg" 
@@TRAX:state "454.0000,164.0000,30.7400,96.0100" "confidence=0.6547776758670807" 
@@TRAX:frame "file:///home/vot-workspace/sequences/bolt1/color/00000174.jpg" 
@@TRAX:state "457.0000,183.0000,30.7400,96.0100" "confidence=0.6748082339763641" 
@@TRAX:frame "file:///home/vot-workspace/sequences/bolt1/color/00000175.jpg" 
@@TRAX:state "457.0000,182.0000,30.7400,96.0100" "confidence=0.6965076327323914" 
@@TRAX:frame "file:///home/vot-workspace/sequences/bolt1/color/00000176.jpg" 
@@TRAX:state "461.0000,161.0000,30.7400,96.0100" "confidence=0.6990950405597687" 
@@TRAX:frame "file:///home/vot-workspace/sequences/bolt1/color/00000177.jpg" 
@@TRAX:state "457.0000,177.0000,30.7400,96.0100" "confidence=0.6948505342006683" 
@@TRAX:frame "file:///home/vot-workspace/sequences/bolt1/color/00000178.jpg" 
@@TRAX:state "462.0000,176.0000,30.7400,96.0100" "confidence=0.6706244051456451" 
@@TRAX:frame "file:///home/vot-workspace/sequences/bolt1/color/00000179.jpg" 
@@TRAX:state "462.0000,175.0000,30.7400,96.0100" "confidence=0.6806811094284058" 
@@TRAX:frame "file:///home/vot-workspace/sequences/bolt1/color/00000180.jpg" 
@@TRAX:state "459.0000,173.0000,30.7400,96.0100" "confidence=0.6522563993930817" 
@@TRAX:frame "file:///home/vot-workspace/sequences/bolt1/color/00000181.jpg" 
@@TRAX:state "463.0000,173.0000,30.7400,96.0100" "confidence=0.6645056009292603" 
@@TRAX:frame "file:///home/vot-workspace/sequences/bolt1/color/00000182.jpg" 
@@TRAX:state "462.0000,173.0000,30.7400,96.0100" "confidence=0.6586886346340179" 
@@TRAX:frame "file:///home/vot-workspace/sequences/bolt1/color/00000183.jpg" 
@@TRAX:state "467.0000,154.0000,30.7400,96.0100" "confidence=0.6963798105716705" 
@@TRAX:frame "file:///home/vot-workspace/sequences/bolt1/color/00000184.jpg" 
@@TRAX:state "443.0000,135.0000,30.7400,96.0100" "confidence=0.6951478123664856" 
@@TRAX:frame "file:///home/vot-workspace/sequences/bolt1/color/00000185.jpg" 
@@TRAX:state "468.0000,156.0000,30.7400,96.0100" "confidence=0.7189819514751434" 
@@TRAX:frame "file:///home/vot-workspace/sequences/bolt1/color/00000186.jpg" 
@@TRAX:state "469.0000,158.0000,30.7400,96.0100" "confidence=0.7225745618343353" 
@@TRAX:frame "file:///home/vot-workspace/sequences/bolt1/color/00000187.jpg" 
@@TRAX:state "471.0000,159.0000,30.7400,96.0100" "confidence=0.7710999548435211" 
@@TRAX:frame "file:///home/vot-workspace/sequences/bolt1/color/00000188.jpg" 
@@TRAX:state "471.0000,160.0000,30.7400,96.0100" "confidence=0.7298000156879425" 
@@TRAX:frame "file:///home/vot-workspace/sequences/bolt1/color/00000189.jpg" 
@@TRAX:state "489.0000,145.0000,30.7400,96.0100" "confidence=0.682960033416748" 
@@TRAX:frame "file:///home/vot-workspace/sequences/bolt1/color/00000190.jpg" 
@@TRAX:state "512.0000,130.0000,30.7400,96.0100" "confidence=0.700594037771225" 
@@TRAX:quit 
@@TRAX:hello "trax.name=" "trax.family=" "trax.image=path;" "trax.region=rectangle;" "trax.description=" "trax.version=3" "vot=python" "trax.channels=color;" 
@@TRAX:initialize "file:///home/vot-workspace/sequences/bolt1/color/00000195.jpg" "461.4700,163.6200,25.9300,62.0400" 
@@TRAX:state "461.4700,163.6200,25.9300,62.0400" 
@@TRAX:frame "file:///home/vot-workspace/sequences/bolt1/color/00000196.jpg" 
QFontDatabase: Cannot find font directory /usr/local/lib/python3.9/site-packages/cv2/qt/fonts.
Note that Qt no longer ships fonts. Deploy some (from https://dejavu-fonts.github.io/ for example) or switch to fontconfig.
QFontDatabase: Cannot find font directory /usr/local/lib/python3.9/site-packages/cv2/qt/fonts.
Note that Qt no longer ships fonts. Deploy some (from https://dejavu-fonts.github.io/ for example) or switch to fontconfig.
QFontDatabase: Cannot find font directory /usr/local/lib/python3.9/site-packages/cv2/qt/fonts.
Note that Qt no longer ships fonts. Deploy some (from https://dejavu-fonts.github.io/ for example) or switch to fontconfig.
QFontDatabase: Cannot find font directory /usr/local/lib/python3.9/site-packages/cv2/qt/fonts.
Note that Qt no longer ships fonts. Deploy some (from https://dejavu-fonts.github.io/ for example) or switch to fontconfig.
QFontDatabase: Cannot find font directory /usr/local/lib/python3.9/site-packages/cv2/qt/fonts.
Note that Qt no longer ships fonts. Deploy some (from https://dejavu-fonts.github.io/ for example) or switch to fontconfig.
@@TRAX:state "458.0000,163.0000,25.9300,62.0400" "confidence=0.8158896118402481" 
@@TRAX:frame "file:///home/vot-workspace/sequences/bolt1/color/00000197.jpg" 
@@TRAX:state "458.0000,163.0000,25.9300,62.0400" "confidence=0.7643828243017197" 
@@TRAX:frame "file:///home/vot-workspace/sequences/bolt1/color/00000198.jpg" 
@@TRAX:state "456.0000,162.0000,25.9300,62.0400" "confidence=0.7471811175346375" 
@@TRAX:frame "file:///home/vot-workspace/sequences/bolt1/color/00000199.jpg" 
@@TRAX:state "455.0000,162.0000,25.9300,62.0400" "confidence=0.7565352767705917" 
@@TRAX:frame "file:///home/vot-workspace/sequences/bolt1/color/00000200.jpg" 
@@TRAX:state "457.0000,161.0000,25.9300,62.0400" "confidence=0.7579123079776764" 
@@TRAX:frame "file:///home/vot-workspace/sequences/bolt1/color/00000201.jpg" 
@@TRAX:state "455.0000,160.0000,25.9300,62.0400" "confidence=0.7541593611240387" 
@@TRAX:frame "file:///home/vot-workspace/sequences/bolt1/color/00000202.jpg" 
@@TRAX:state "455.0000,160.0000,25.9300,62.0400" "confidence=0.7570932805538177" 
@@TRAX:frame "file:///home/vot-workspace/sequences/bolt1/color/00000203.jpg" 
@@TRAX:state "455.0000,159.0000,25.9300,62.0400" "confidence=0.7304283380508423" 
@@TRAX:frame "file:///home/vot-workspace/sequences/bolt1/color/00000204.jpg" 
@@TRAX:state "459.0000,158.0000,25.9300,62.0400" "confidence=0.7626253217458725" 
@@TRAX:frame "file:///home/vot-workspace/sequences/bolt1/color/00000205.jpg" 
@@TRAX:state "458.0000,157.0000,25.9300,62.0400" "confidence=0.8493598997592926" 
@@TRAX:frame "file:///home/vot-workspace/sequences/bolt1/color/00000206.jpg" 
@@TRAX:state "457.0000,155.0000,25.9300,62.0400" "confidence=0.8567057102918625" 
@@TRAX:frame "file:///home/vot-workspace/sequences/bolt1/color/00000207.jpg" 
@@TRAX:state "457.0000,155.0000,25.9300,62.0400" "confidence=0.8194190710783005" 
@@TRAX:frame "file:///home/vot-workspace/sequences/bolt1/color/00000208.jpg" 
@@TRAX:state "457.0000,153.0000,25.9300,62.0400" "confidence=0.7479101121425629" 
@@TRAX:frame "file:///home/vot-workspace/sequences/bolt1/color/00000209.jpg" 
@@TRAX:state "455.0000,151.0000,25.9300,62.0400" "confidence=0.7208745181560516" 
@@TRAX:frame "file:///home/vot-workspace/sequences/bolt1/color/00000210.jpg" 
@@TRAX:state "456.0000,154.0000,25.9300,62.0400" "confidence=0.7170356214046478" 
@@TRAX:frame "file:///home/vot-workspace/sequences/bolt1/color/00000211.jpg" 
@@TRAX:state "453.0000,151.0000,25.9300,62.0400" "confidence=0.6981923580169678" 
@@TRAX:frame "file:///home/vot-workspace/sequences/bolt1/color/00000212.jpg" 
@@TRAX:state "453.0000,151.0000,25.9300,62.0400" "confidence=0.7161962389945984" 
@@TRAX:frame "file:///home/vot-workspace/sequences/bolt1/color/00000213.jpg" 
@@TRAX:state "449.0000,151.0000,25.9300,62.0400" "confidence=0.7295000851154327" 
@@TRAX:frame "file:///home/vot-workspace/sequences/bolt1/color/00000214.jpg" 
@@TRAX:state "449.0000,151.0000,25.9300,62.0400" "confidence=0.7334451973438263" 
@@TRAX:frame "file:///home/vot-workspace/sequences/bolt1/color/00000215.jpg" 
@@TRAX:state "451.0000,157.0000,25.9300,62.0400" "confidence=0.7090694010257721" 
@@TRAX:frame "file:///home/vot-workspace/sequences/bolt1/color/00000216.jpg" 
@@TRAX:state "453.0000,151.0000,25.9300,62.0400" "confidence=0.7186736166477203" 
@@TRAX:frame "file:///home/vot-workspace/sequences/bolt1/color/00000217.jpg" 
@@TRAX:state "452.0000,148.0000,25.9300,62.0400" "confidence=0.7212173640727997" 
@@TRAX:frame "file:///home/vot-workspace/sequences/bolt1/color/00000218.jpg" 
@@TRAX:state "451.0000,147.0000,25.9300,62.0400" "confidence=0.7270259857177734" 
@@TRAX:frame "file:///home/vot-workspace/sequences/bolt1/color/00000219.jpg" 
@@TRAX:state "449.0000,149.0000,25.9300,62.0400" "confidence=0.6999417245388031" 
@@TRAX:frame "file:///home/vot-workspace/sequences/bolt1/color/00000220.jpg" 
@@TRAX:state "449.0000,150.0000,25.9300,62.0400" "confidence=0.6413403451442719" 
@@TRAX:frame "file:///home/vot-workspace/sequences/bolt1/color/00000221.jpg" 
@@TRAX:state "435.0000,176.0000,25.9300,62.0400" "confidence=0.5723817944526672" 
@@TRAX:frame "file:///home/vot-workspace/sequences/bolt1/color/00000222.jpg" 
@@TRAX:state "446.0000,181.0000,25.9300,62.0400" "confidence=0.586694747209549" 
@@TRAX:frame "file:///home/vot-workspace/sequences/bolt1/color/00000223.jpg" 
@@TRAX:state "439.0000,181.0000,25.9300,62.0400" "confidence=0.563165158033371" 
@@TRAX:frame "file:///home/vot-workspace/sequences/bolt1/color/00000224.jpg" 
@@TRAX:state "449.0000,163.0000,25.9300,62.0400" "confidence=0.5595069825649261" 
@@TRAX:frame "file:///home/vot-workspace/sequences/bolt1/color/00000225.jpg" 
@@TRAX:state "459.0000,143.0000,25.9300,62.0400" "confidence=0.638295590877533" 
@@TRAX:frame "file:///home/vot-workspace/sequences/bolt1/color/00000226.jpg" 
@@TRAX:state "456.0000,148.0000,25.9300,62.0400" "confidence=0.7166941463947296" 
@@TRAX:frame "file:///home/vot-workspace/sequences/bolt1/color/00000227.jpg" 
@@TRAX:state "455.0000,148.0000,25.9300,62.0400" "confidence=0.7657259851694107" 
@@TRAX:frame "file:///home/vot-workspace/sequences/bolt1/color/00000228.jpg" 
@@TRAX:state "453.0000,142.0000,25.9300,62.0400" "confidence=0.7513165920972824" 
@@TRAX:frame "file:///home/vot-workspace/sequences/bolt1/color/00000229.jpg" 
@@TRAX:state "434.0000,118.0000,25.9300,62.0400" "confidence=0.6757028102874756" 
@@TRAX:frame "file:///home/vot-workspace/sequences/bolt1/color/00000230.jpg" 
@@TRAX:state "414.0000,109.0000,25.9300,62.0400" "confidence=0.6915378570556641" 
@@TRAX:quit 
@@TRAX:hello "trax.name=" "trax.family=" "trax.image=path;" "trax.region=rectangle;" "trax.description=" "trax.version=3" "vot=python" "trax.channels=color;" 
@@TRAX:initialize "file:///home/vot-workspace/sequences/bolt1/color/00000235.jpg" "462.1400,141.3200,32.1100,67.9400" 
@@TRAX:state "462.1400,141.3200,32.1100,67.9400" 
@@TRAX:frame "file:///home/vot-workspace/sequences/bolt1/color/00000236.jpg" 
QFontDatabase: Cannot find font directory /usr/local/lib/python3.9/site-packages/cv2/qt/fonts.
Note that Qt no longer ships fonts. Deploy some (from https://dejavu-fonts.github.io/ for example) or switch to fontconfig.
QFontDatabase: Cannot find font directory /usr/local/lib/python3.9/site-packages/cv2/qt/fonts.
Note that Qt no longer ships fonts. Deploy some (from https://dejavu-fonts.github.io/ for example) or switch to fontconfig.
QFontDatabase: Cannot find font directory /usr/local/lib/python3.9/site-packages/cv2/qt/fonts.
Note that Qt no longer ships fonts. Deploy some (from https://dejavu-fonts.github.io/ for example) or switch to fontconfig.
QFontDatabase: Cannot find font directory /usr/local/lib/python3.9/site-packages/cv2/qt/fonts.
Note that Qt no longer ships fonts. Deploy some (from https://dejavu-fonts.github.io/ for example) or switch to fontconfig.
QFontDatabase: Cannot find font directory /usr/local/lib/python3.9/site-packages/cv2/qt/fonts.
Note that Qt no longer ships fonts. Deploy some (from https://dejavu-fonts.github.io/ for example) or switch to fontconfig.
@@TRAX:state "466.0000,140.0000,32.1100,67.9400" "confidence=0.9119774922728539" 
@@TRAX:frame "file:///home/vot-workspace/sequences/bolt1/color/00000237.jpg" 
@@TRAX:state "471.0000,139.0000,32.1100,67.9400" "confidence=0.8637236207723618" 
@@TRAX:frame "file:///home/vot-workspace/sequences/bolt1/color/00000238.jpg" 
@@TRAX:state "476.0000,138.0000,32.1100,67.9400" "confidence=0.7927093505859375" 
@@TRAX:frame "file:///home/vot-workspace/sequences/bolt1/color/00000239.jpg" 
@@TRAX:state "482.0000,140.0000,32.1100,67.9400" "confidence=0.7788290977478027" 
@@TRAX:frame "file:///home/vot-workspace/sequences/bolt1/color/00000240.jpg" 
@@TRAX:state "496.0000,133.0000,32.1100,67.9400" "confidence=0.8161144703626633" 
@@TRAX:frame "file:///home/vot-workspace/sequences/bolt1/color/00000241.jpg" 
@@TRAX:state "502.0000,131.0000,32.1100,67.9400" "confidence=0.8214823305606842" 
@@TRAX:frame "file:///home/vot-workspace/sequences/bolt1/color/00000242.jpg" 
@@TRAX:state "505.0000,130.0000,32.1100,67.9400" "confidence=0.8295074552297592" 
@@TRAX:frame "file:///home/vot-workspace/sequences/bolt1/color/00000243.jpg" 
@@TRAX:state "510.0000,128.0000,32.1100,67.9400" "confidence=0.8068899810314178" 
@@TRAX:frame "file:///home/vot-workspace/sequences/bolt1/color/00000244.jpg" 
@@TRAX:state "519.0000,128.0000,32.1100,67.9400" "confidence=0.7797720581293106" 
@@TRAX:frame "file:///home/vot-workspace/sequences/bolt1/color/00000245.jpg" 
@@TRAX:state "525.0000,128.0000,32.1100,67.9400" "confidence=0.7752348929643631" 
@@TRAX:frame "file:///home/vot-workspace/sequences/bolt1/color/00000246.jpg" 
@@TRAX:state "528.0000,127.0000,32.1100,67.9400" "confidence=0.7792124003171921" 
@@TRAX:frame "file:///home/vot-workspace/sequences/bolt1/color/00000247.jpg" 
@@TRAX:state "532.0000,124.0000,32.1100,67.9400" "confidence=0.7845206260681152" 
@@TRAX:frame "file:///home/vot-workspace/sequences/bolt1/color/00000248.jpg" 
@@TRAX:state "535.0000,122.0000,32.1100,67.9400" "confidence=0.7539622932672501" 
@@TRAX:frame "file:///home/vot-workspace/sequences/bolt1/color/00000249.jpg" 
@@TRAX:state "535.0000,121.0000,32.1100,67.9400" "confidence=0.7515976428985596" 
@@TRAX:frame "file:///home/vot-workspace/sequences/bolt1/color/00000250.jpg" 
@@TRAX:state "535.0000,121.0000,32.1100,67.9400" "confidence=0.7564805895090103" 
@@TRAX:frame "file:///home/vot-workspace/sequences/bolt1/color/00000251.jpg" 
@@TRAX:state "534.0000,121.0000,32.1100,67.9400" "confidence=0.7674665749073029" 
@@TRAX:frame "file:///home/vot-workspace/sequences/bolt1/color/00000252.jpg" 
@@TRAX:state "534.0000,119.0000,32.1100,67.9400" "confidence=0.7655818611383438" 
@@TRAX:frame "file:///home/vot-workspace/sequences/bolt1/color/00000253.jpg" 
@@TRAX:state "532.0000,117.0000,32.1100,67.9400" "confidence=0.7617199569940567" 
@@TRAX:frame "file:///home/vot-workspace/sequences/bolt1/color/00000254.jpg" 
@@TRAX:state "530.0000,117.0000,32.1100,67.9400" "confidence=0.7521586120128632" 
@@TRAX:frame "file:///home/vot-workspace/sequences/bolt1/color/00000255.jpg" 
@@TRAX:state "529.0000,117.0000,32.1100,67.9400" "confidence=0.7154318988323212" 
@@TRAX:frame "file:///home/vot-workspace/sequences/bolt1/color/00000256.jpg" 
@@TRAX:state "528.0000,120.0000,32.1100,67.9400" "confidence=0.7076833248138428" 
@@TRAX:frame "file:///home/vot-workspace/sequences/bolt1/color/00000257.jpg" 
@@TRAX:state "524.0000,119.0000,32.1100,67.9400" "confidence=0.7465119957923889" 
@@TRAX:frame "file:///home/vot-workspace/sequences/bolt1/color/00000258.jpg" 
@@TRAX:state "522.0000,118.0000,32.1100,67.9400" "confidence=0.7584422528743744" 
@@TRAX:frame "file:///home/vot-workspace/sequences/bolt1/color/00000259.jpg" 
@@TRAX:state "520.0000,117.0000,32.1100,67.9400" "confidence=0.7601037621498108" 
@@TRAX:frame "file:///home/vot-workspace/sequences/bolt1/color/00000260.jpg" 
@@TRAX:state "518.0000,118.0000,32.1100,67.9400" "confidence=0.7289152443408966" 
@@TRAX:frame "file:///home/vot-workspace/sequences/bolt1/color/00000261.jpg" 
@@TRAX:state "516.0000,119.0000,32.1100,67.9400" "confidence=0.7224011123180389" 
@@TRAX:frame "file:///home/vot-workspace/sequences/bolt1/color/00000262.jpg" 
@@TRAX:state "514.0000,119.0000,32.1100,67.9400" "confidence=0.7413568198680878" 
@@TRAX:frame "file:///home/vot-workspace/sequences/bolt1/color/00000263.jpg" 
@@TRAX:state "510.0000,117.0000,32.1100,67.9400" "confidence=0.7535706162452698" 
@@TRAX:frame "file:///home/vot-workspace/sequences/bolt1/color/00000264.jpg" 
@@TRAX:state "508.0000,116.0000,32.1100,67.9400" "confidence=0.7256937921047211" 
@@TRAX:frame "file:///home/vot-workspace/sequences/bolt1/color/00000265.jpg" 
@@TRAX:state "507.0000,115.0000,32.1100,67.9400" "confidence=0.7237266302108765" 
@@TRAX:frame "file:///home/vot-workspace/sequences/bolt1/color/00000266.jpg" 
@@TRAX:state "505.0000,113.0000,32.1100,67.9400" "confidence=0.727559894323349" 
@@TRAX:frame "file:///home/vot-workspace/sequences/bolt1/color/00000267.jpg" 
@@TRAX:state "501.0000,111.0000,32.1100,67.9400" "confidence=0.7184396386146545" 
@@TRAX:frame "file:///home/vot-workspace/sequences/bolt1/color/00000268.jpg" 
@@TRAX:state "500.0000,111.0000,32.1100,67.9400" "confidence=0.7553063929080963" 
@@TRAX:frame "file:///home/vot-workspace/sequences/bolt1/color/00000269.jpg" 
@@TRAX:state "499.0000,111.0000,32.1100,67.9400" "confidence=0.7699484080076218" 
@@TRAX:frame "file:///home/vot-workspace/sequences/bolt1/color/00000270.jpg" 
@@TRAX:state "498.0000,109.0000,32.1100,67.9400" "confidence=0.7904028743505478" 
@@TRAX:frame "file:///home/vot-workspace/sequences/bolt1/color/00000271.jpg" 
@@TRAX:state "494.0000,104.0000,32.1100,67.9400" "confidence=0.7767780274152756" 
@@TRAX:frame "file:///home/vot-workspace/sequences/bolt1/color/00000272.jpg" 
@@TRAX:state "492.0000,101.0000,32.1100,67.9400" "confidence=0.7447600960731506" 
@@TRAX:frame "file:///home/vot-workspace/sequences/bolt1/color/00000273.jpg" 
@@TRAX:state "491.0000,101.0000,32.1100,67.9400" "confidence=0.7368794679641724" 
@@TRAX:frame "file:///home/vot-workspace/sequences/bolt1/color/00000274.jpg" 
@@TRAX:state "488.0000,99.0000,32.1100,67.9400" "confidence=0.739391565322876" 
@@TRAX:frame "file:///home/vot-workspace/sequences/bolt1/color/00000275.jpg" 
@@TRAX:state "487.0000,97.0000,32.1100,67.9400" "confidence=0.7339155972003937" 
@@TRAX:frame "file:///home/vot-workspace/sequences/bolt1/color/00000276.jpg" 
@@TRAX:state "486.0000,94.0000,32.1100,67.9400" "confidence=0.7230008840560913" 
@@TRAX:frame "file:///home/vot-workspace/sequences/bolt1/color/00000277.jpg" 
@@TRAX:state "486.0000,92.0000,32.1100,67.9400" "confidence=0.7071713209152222" 
@@TRAX:frame "file:///home/vot-workspace/sequences/bolt1/color/00000278.jpg" 
@@TRAX:state "486.0000,90.0000,32.1100,67.9400" "confidence=0.6969652771949768" 
@@TRAX:frame "file:///home/vot-workspace/sequences/bolt1/color/00000279.jpg" 
@@TRAX:state "484.0000,89.0000,32.1100,67.9400" "confidence=0.6745249629020691" 
@@TRAX:frame "file:///home/vot-workspace/sequences/bolt1/color/00000280.jpg" 
@@TRAX:state "484.0000,90.0000,32.1100,67.9400" "confidence=0.689642459154129" 
@@TRAX:frame "file:///home/vot-workspace/sequences/bolt1/color/00000281.jpg" 
@@TRAX:state "486.0000,91.0000,32.1100,67.9400" "confidence=0.7235909700393677" 
@@TRAX:frame "file:///home/vot-workspace/sequences/bolt1/color/00000282.jpg" 
@@TRAX:state "486.0000,88.0000,32.1100,67.9400" "confidence=0.7341966331005096" 
@@TRAX:frame "file:///home/vot-workspace/sequences/bolt1/color/00000283.jpg" 
@@TRAX:state "487.0000,88.0000,32.1100,67.9400" "confidence=0.7203390896320343" 
@@TRAX:frame "file:///home/vot-workspace/sequences/bolt1/color/00000284.jpg" 
@@TRAX:state "487.0000,86.0000,32.1100,67.9400" "confidence=0.7118383944034576" 
@@TRAX:frame "file:///home/vot-workspace/sequences/bolt1/color/00000285.jpg" 
@@TRAX:state "487.0000,85.0000,32.1100,67.9400" "confidence=0.7089868187904358" 
@@TRAX:frame "file:///home/vot-workspace/sequences/bolt1/color/00000286.jpg" 
@@TRAX:state "489.0000,86.0000,32.1100,67.9400" "confidence=0.7105870842933655" 
@@TRAX:frame "file:///home/vot-workspace/sequences/bolt1/color/00000287.jpg" 
@@TRAX:state "490.0000,86.0000,32.1100,67.9400" "confidence=0.721053272485733" 
@@TRAX:frame "file:///home/vot-workspace/sequences/bolt1/color/00000288.jpg" 
@@TRAX:state "491.0000,85.0000,32.1100,67.9400" "confidence=0.7240455448627472" 
@@TRAX:frame "file:///home/vot-workspace/sequences/bolt1/color/00000289.jpg" 
@@TRAX:state "492.0000,84.0000,32.1100,67.9400" "confidence=0.7143254578113556" 
@@TRAX:frame "file:///home/vot-workspace/sequences/bolt1/color/00000290.jpg" 
@@TRAX:state "494.0000,81.0000,32.1100,67.9400" "confidence=0.713548868894577" 
@@TRAX:frame "file:///home/vot-workspace/sequences/bolt1/color/00000291.jpg" 
@@TRAX:state "492.0000,80.0000,32.1100,67.9400" "confidence=0.6776309907436371" 
@@TRAX:frame "file:///home/vot-workspace/sequences/bolt1/color/00000292.jpg" 
@@TRAX:state "492.0000,79.0000,32.1100,67.9400" "confidence=0.6702181994915009" 
@@TRAX:frame "file:///home/vot-workspace/sequences/bolt1/color/00000293.jpg" 
@@TRAX:state "492.0000,81.0000,32.1100,67.9400" "confidence=0.6959767043590546" 
@@TRAX:frame "file:///home/vot-workspace/sequences/bolt1/color/00000294.jpg" 
@@TRAX:state "492.0000,82.0000,32.1100,67.9400" "confidence=0.74659064412117" 
@@TRAX:frame "file:///home/vot-workspace/sequences/bolt1/color/00000295.jpg" 
@@TRAX:state "491.0000,82.0000,32.1100,67.9400" "confidence=0.7405534386634827" 
@@TRAX:frame "file:///home/vot-workspace/sequences/bolt1/color/00000296.jpg" 
@@TRAX:state "491.0000,83.0000,32.1100,67.9400" "confidence=0.7410075068473816" 
@@TRAX:frame "file:///home/vot-workspace/sequences/bolt1/color/00000297.jpg" 
@@TRAX:state "488.0000,82.0000,32.1100,67.9400" "confidence=0.7144942879676819" 
@@TRAX:frame "file:///home/vot-workspace/sequences/bolt1/color/00000298.jpg" 
@@TRAX:state "486.0000,83.0000,32.1100,67.9400" "confidence=0.7153260111808777" 
@@TRAX:frame "file:///home/vot-workspace/sequences/bolt1/color/00000299.jpg" 
@@TRAX:state "484.0000,85.0000,32.1100,67.9400" "confidence=0.69442018866539" 
@@TRAX:frame "file:///home/vot-workspace/sequences/bolt1/color/00000300.jpg" 
@@TRAX:state "482.0000,85.0000,32.1100,67.9400" "confidence=0.7307641208171844" 
@@TRAX:frame "file:///home/vot-workspace/sequences/bolt1/color/00000301.jpg" 
@@TRAX:state "478.0000,83.0000,32.1100,67.9400" "confidence=0.7325780093669891" 
@@TRAX:frame "file:///home/vot-workspace/sequences/bolt1/color/00000302.jpg" 
@@TRAX:state "475.0000,84.0000,32.1100,67.9400" "confidence=0.7188991904258728" 
@@TRAX:frame "file:///home/vot-workspace/sequences/bolt1/color/00000303.jpg" 
@@TRAX:state "471.0000,84.0000,32.1100,67.9400" "confidence=0.7221843004226685" 
@@TRAX:frame "file:///home/vot-workspace/sequences/bolt1/color/00000304.jpg" 
@@TRAX:state "466.0000,83.0000,32.1100,67.9400" "confidence=0.734250545501709" 
@@TRAX:frame "file:///home/vot-workspace/sequences/bolt1/color/00000305.jpg" 
@@TRAX:state "460.0000,85.0000,32.1100,67.9400" "confidence=0.7323600351810455" 
@@TRAX:frame "file:///home/vot-workspace/sequences/bolt1/color/00000306.jpg" 
@@TRAX:state "456.0000,89.0000,32.1100,67.9400" "confidence=0.7276464104652405" 
@@TRAX:frame "file:///home/vot-workspace/sequences/bolt1/color/00000307.jpg" 
@@TRAX:state "454.0000,89.0000,32.1100,67.9400" "confidence=0.7286219000816345" 
@@TRAX:frame "file:///home/vot-workspace/sequences/bolt1/color/00000308.jpg" 
@@TRAX:state "450.0000,90.0000,32.1100,67.9400" "confidence=0.7537580728530884" 
@@TRAX:frame "file:///home/vot-workspace/sequences/bolt1/color/00000309.jpg" 
@@TRAX:state "442.0000,90.0000,32.1100,67.9400" "confidence=0.7112445533275604" 
@@TRAX:frame "file:///home/vot-workspace/sequences/bolt1/color/00000310.jpg" 
@@TRAX:state "440.0000,90.0000,32.1100,67.9400" "confidence=0.7014010548591614" 
@@TRAX:frame "file:///home/vot-workspace/sequences/bolt1/color/00000311.jpg" 
@@TRAX:state "439.0000,91.0000,32.1100,67.9400" "confidence=0.70402392745018" 
@@TRAX:frame "file:///home/vot-workspace/sequences/bolt1/color/00000312.jpg" 
@@TRAX:state "438.0000,93.0000,32.1100,67.9400" "confidence=0.7180288732051849" 
@@TRAX:frame "file:///home/vot-workspace/sequences/bolt1/color/00000313.jpg" 
@@TRAX:state "436.0000,93.0000,32.1100,67.9400" "confidence=0.7386104762554169" 
@@TRAX:frame "file:///home/vot-workspace/sequences/bolt1/color/00000314.jpg" 
@@TRAX:state "433.0000,93.0000,32.1100,67.9400" "confidence=0.7166580557823181" 
@@TRAX:frame "file:///home/vot-workspace/sequences/bolt1/color/00000315.jpg" 
@@TRAX:state "432.0000,93.0000,32.1100,67.9400" "confidence=0.7053088247776031" 
@@TRAX:frame "file:///home/vot-workspace/sequences/bolt1/color/00000316.jpg" 
@@TRAX:state "431.0000,93.0000,32.1100,67.9400" "confidence=0.6844910681247711" 
@@TRAX:frame "file:///home/vot-workspace/sequences/bolt1/color/00000317.jpg" 
@@TRAX:state "430.0000,92.0000,32.1100,67.9400" "confidence=0.6947223246097565" 
@@TRAX:frame "file:///home/vot-workspace/sequences/bolt1/color/00000318.jpg" 
@@TRAX:state "430.0000,91.0000,32.1100,67.9400" "confidence=0.6919547021389008" 
@@TRAX:frame "file:///home/vot-workspace/sequences/bolt1/color/00000319.jpg" 
@@TRAX:state "430.0000,92.0000,32.1100,67.9400" "confidence=0.6951836943626404" 
@@TRAX:frame "file:///home/vot-workspace/sequences/bolt1/color/00000320.jpg" 
@@TRAX:state "430.0000,94.0000,32.1100,67.9400" "confidence=0.7408010959625244" 
@@TRAX:frame "file:///home/vot-workspace/sequences/bolt1/color/00000321.jpg" 
@@TRAX:state "430.0000,95.0000,32.1100,67.9400" "confidence=0.7353973388671875" 
@@TRAX:frame "file:///home/vot-workspace/sequences/bolt1/color/00000322.jpg" 
@@TRAX:state "430.0000,93.0000,32.1100,67.9400" "confidence=0.7170006632804871" 
@@TRAX:frame "file:///home/vot-workspace/sequences/bolt1/color/00000323.jpg" 
@@TRAX:state "429.0000,94.0000,32.1100,67.9400" "confidence=0.6927615702152252" 
@@TRAX:frame "file:///home/vot-workspace/sequences/bolt1/color/00000324.jpg" 
@@TRAX:state "453.0000,71.0000,32.1100,67.9400" "confidence=0.6784561276435852" 
@@TRAX:frame "file:///home/vot-workspace/sequences/bolt1/color/00000325.jpg" 
@@TRAX:state "469.0000,96.0000,32.1100,67.9400" "confidence=0.7004892528057098" 
@@TRAX:quit 
@@TRAX:hello "trax.name=" "trax.family=" "trax.image=path;" "trax.region=rectangle;" "trax.description=" "trax.version=3" "vot=python" "trax.channels=color;" 
@@TRAX:initialize "file:///home/vot-workspace/sequences/bolt1/color/00000330.jpg" "415.1600,94.0700,45.9800,65.4100" 
@@TRAX:state "415.1600,94.0700,45.9800,65.4100" 
@@TRAX:frame "file:///home/vot-workspace/sequences/bolt1/color/00000331.jpg" 
QFontDatabase: Cannot find font directory /usr/local/lib/python3.9/site-packages/cv2/qt/fonts.
Note that Qt no longer ships fonts. Deploy some (from https://dejavu-fonts.github.io/ for example) or switch to fontconfig.
QFontDatabase: Cannot find font directory /usr/local/lib/python3.9/site-packages/cv2/qt/fonts.
Note that Qt no longer ships fonts. Deploy some (from https://dejavu-fonts.github.io/ for example) or switch to fontconfig.
QFontDatabase: Cannot find font directory /usr/local/lib/python3.9/site-packages/cv2/qt/fonts.
Note that Qt no longer ships fonts. Deploy some (from https://dejavu-fonts.github.io/ for example) or switch to fontconfig.
QFontDatabase: Cannot find font directory /usr/local/lib/python3.9/site-packages/cv2/qt/fonts.
Note that Qt no longer ships fonts. Deploy some (from https://dejavu-fonts.github.io/ for example) or switch to fontconfig.
QFontDatabase: Cannot find font directory /usr/local/lib/python3.9/site-packages/cv2/qt/fonts.
Note that Qt no longer ships fonts. Deploy some (from https://dejavu-fonts.github.io/ for example) or switch to fontconfig.
@@TRAX:state "413.0000,96.0000,45.9800,65.4100" "confidence=0.9484148658812046" 
@@TRAX:frame "file:///home/vot-workspace/sequences/bolt1/color/00000332.jpg" 
@@TRAX:state "411.0000,101.0000,45.9800,65.4100" "confidence=0.8511638641357422" 
@@TRAX:frame "file:///home/vot-workspace/sequences/bolt1/color/00000333.jpg" 
@@TRAX:state "409.0000,103.0000,45.9800,65.4100" "confidence=0.8432947248220444" 
@@TRAX:frame "file:///home/vot-workspace/sequences/bolt1/color/00000334.jpg" 
@@TRAX:state "409.0000,104.0000,45.9800,65.4100" "confidence=0.8428990840911865" 
@@TRAX:frame "file:///home/vot-workspace/sequences/bolt1/color/00000335.jpg" 
@@TRAX:state "409.0000,110.0000,45.9800,65.4100" "confidence=0.820774033665657" 
@@TRAX:frame "file:///home/vot-workspace/sequences/bolt1/color/00000336.jpg" 
@@TRAX:state "409.0000,112.0000,45.9800,65.4100" "confidence=0.8338103294372559" 
@@TRAX:frame "file:///home/vot-workspace/sequences/bolt1/color/00000337.jpg" 
@@TRAX:state "409.0000,113.0000,45.9800,65.4100" "confidence=0.8474723845720291" 
@@TRAX:frame "file:///home/vot-workspace/sequences/bolt1/color/00000338.jpg" 
@@TRAX:state "409.0000,115.0000,45.9800,65.4100" "confidence=0.8528813421726227" 
@@TRAX:frame "file:///home/vot-workspace/sequences/bolt1/color/00000339.jpg" 
@@TRAX:state "409.0000,121.0000,45.9800,65.4100" "confidence=0.8158362358808517" 
@@TRAX:frame "file:///home/vot-workspace/sequences/bolt1/color/00000340.jpg" 
@@TRAX:state "409.0000,123.0000,45.9800,65.4100" "confidence=0.8093668818473816" 
@@TRAX:frame "file:///home/vot-workspace/sequences/bolt1/color/00000341.jpg" 
@@TRAX:state "409.0000,127.0000,45.9800,65.4100" "confidence=0.830274760723114" 
@@TRAX:frame "file:///home/vot-workspace/sequences/bolt1/color/00000342.jpg" 
@@TRAX:state "409.0000,129.0000,45.9800,65.4100" "confidence=0.8346977084875107" 
@@TRAX:frame "file:///home/vot-workspace/sequences/bolt1/color/00000343.jpg" 
@@TRAX:state "409.0000,130.0000,45.9800,65.4100" "confidence=0.8414036780595779" 
@@TRAX:frame "file:///home/vot-workspace/sequences/bolt1/color/00000344.jpg" 
@@TRAX:state "409.0000,132.0000,45.9800,65.4100" "confidence=0.8552743345499039" 
@@TRAX:frame "file:///home/vot-workspace/sequences/bolt1/color/00000345.jpg" 
@@TRAX:state "408.0000,135.0000,45.9800,65.4100" "confidence=0.8585552424192429" 
@@TRAX:frame "file:///home/vot-workspace/sequences/bolt1/color/00000346.jpg" 
@@TRAX:state "408.0000,139.0000,45.9800,65.4100" "confidence=0.849330335855484" 
@@TRAX:frame "file:///home/vot-workspace/sequences/bolt1/color/00000347.jpg" 
@@TRAX:state "407.0000,140.0000,45.9800,65.4100" "confidence=0.8407747745513916" 
@@TRAX:frame "file:///home/vot-workspace/sequences/bolt1/color/00000348.jpg" 
@@TRAX:state "407.0000,142.0000,45.9800,65.4100" "confidence=0.8367213308811188" 
@@TRAX:quit 
@@TRAX:hello "trax.name=" "trax.family=" "trax.image=path;" "trax.region=rectangle;" "trax.description=" "trax.version=3" "vot=python" "trax.channels=color;" 
@@TRAX:initialize "file:///home/vot-workspace/sequences/bolt1/color/00000001.jpg" "330.0400,162.4000,38.1100,50.8800" 
@@TRAX:state "330.0400,162.4000,38.1100,50.8800" 
@@TRAX:frame "file:///home/vot-workspace/sequences/bolt1/color/00000002.jpg" 
QFontDatabase: Cannot find font directory /usr/local/lib/python3.9/site-packages/cv2/qt/fonts.
Note that Qt no longer ships fonts. Deploy some (from https://dejavu-fonts.github.io/ for example) or switch to fontconfig.
QFontDatabase: Cannot find font directory /usr/local/lib/python3.9/site-packages/cv2/qt/fonts.
Note that Qt no longer ships fonts. Deploy some (from https://dejavu-fonts.github.io/ for example) or switch to fontconfig.
QFontDatabase: Cannot find font directory /usr/local/lib/python3.9/site-packages/cv2/qt/fonts.
Note that Qt no longer ships fonts. Deploy some (from https://dejavu-fonts.github.io/ for example) or switch to fontconfig.
QFontDatabase: Cannot find font directory /usr/local/lib/python3.9/site-packages/cv2/qt/fonts.
Note that Qt no longer ships fonts. Deploy some (from https://dejavu-fonts.github.io/ for example) or switch to fontconfig.
QFontDatabase: Cannot find font directory /usr/local/lib/python3.9/site-packages/cv2/qt/fonts.
Note that Qt no longer ships fonts. Deploy some (from https://dejavu-fonts.github.io/ for example) or switch to fontconfig.
@@TRAX:state "329.0000,162.0000,38.1100,50.8800" "confidence=0.8753200545907021" 
@@TRAX:frame "file:///home/vot-workspace/sequences/bolt1/color/00000003.jpg" 
@@TRAX:state "327.0000,161.0000,38.1100,50.8800" "confidence=0.8282676339149475" 
@@TRAX:frame "file:///home/vot-workspace/sequences/bolt1/color/00000004.jpg" 
@@TRAX:state "324.0000,160.0000,38.1100,50.8800" "confidence=0.7761099934577942" 
@@TRAX:frame "file:///home/vot-workspace/sequences/bolt1/color/00000005.jpg" 
@@TRAX:state "320.0000,160.0000,38.1100,50.8800" "confidence=0.7127534449100494" 
@@TRAX:frame "file:///home/vot-workspace/sequences/bolt1/color/00000006.jpg" 
@@TRAX:state "310.0000,160.0000,38.1100,50.8800" "confidence=0.716046541929245" 
@@TRAX:frame "file:///home/vot-workspace/sequences/bolt1/color/00000007.jpg" 
@@TRAX:state "305.0000,159.0000,38.1100,50.8800" "confidence=0.7276968657970428" 
@@TRAX:frame "file:///home/vot-workspace/sequences/bolt1/color/00000008.jpg" 
@@TRAX:state "302.0000,159.0000,38.1100,50.8800" "confidence=0.7236647605895996" 
@@TRAX:frame "file:///home/vot-workspace/sequences/bolt1/color/00000009.jpg" 
@@TRAX:state "296.0000,159.0000,38.1100,50.8800" "confidence=0.7105577886104584" 
@@TRAX:frame "file:///home/vot-workspace/sequences/bolt1/color/00000010.jpg" 
@@TRAX:state "288.0000,158.0000,38.1100,50.8800" "confidence=0.727971613407135" 
@@TRAX:quit 
@@TRAX:hello "trax.name=" "trax.family=" "trax.image=path;" "trax.region=rectangle;" "trax.description=" "trax.version=3" "vot=python" "trax.channels=color;" 
@@TRAX:initialize "file:///home/vot-workspace/sequences/bolt1/color/00000015.jpg" "326.8600,167.3500,29.7700,68.3500" 
@@TRAX:state "326.8600,167.3500,29.7700,68.3500" 
@@TRAX:frame "file:///home/vot-workspace/sequences/bolt1/color/00000016.jpg" 
QFontDatabase: Cannot find font directory /usr/local/lib/python3.9/site-packages/cv2/qt/fonts.
Note that Qt no longer ships fonts. Deploy some (from https://dejavu-fonts.github.io/ for example) or switch to fontconfig.
QFontDatabase: Cannot find font directory /usr/local/lib/python3.9/site-packages/cv2/qt/fonts.
Note that Qt no longer ships fonts. Deploy some (from https://dejavu-fonts.github.io/ for example) or switch to fontconfig.
QFontDatabase: Cannot find font directory /usr/local/lib/python3.9/site-packages/cv2/qt/fonts.
Note that Qt no longer ships fonts. Deploy some (from https://dejavu-fonts.github.io/ for example) or switch to fontconfig.
QFontDatabase: Cannot find font directory /usr/local/lib/python3.9/site-packages/cv2/qt/fonts.
Note that Qt no longer ships fonts. Deploy some (from https://dejavu-fonts.github.io/ for example) or switch to fontconfig.
QFontDatabase: Cannot find font directory /usr/local/lib/python3.9/site-packages/cv2/qt/fonts.
Note that Qt no longer ships fonts. Deploy some (from https://dejavu-fonts.github.io/ for example) or switch to fontconfig.
@@TRAX:state "325.0000,167.0000,29.7700,68.3500" "confidence=0.8489324450492859" 
@@TRAX:frame "file:///home/vot-workspace/sequences/bolt1/color/00000017.jpg" 
@@TRAX:state "319.0000,170.0000,29.7700,68.3500" "confidence=0.6740750372409821" 
@@TRAX:frame "file:///home/vot-workspace/sequences/bolt1/color/00000018.jpg" 
@@TRAX:state "317.0000,171.0000,29.7700,68.3500" "confidence=0.6508921980857849" 
@@TRAX:frame "file:///home/vot-workspace/sequences/bolt1/color/00000019.jpg" 
@@TRAX:state "316.0000,174.0000,29.7700,68.3500" "confidence=0.6533235907554626" 
@@TRAX:frame "file:///home/vot-workspace/sequences/bolt1/color/00000020.jpg" 
@@TRAX:state "317.0000,179.0000,29.7700,68.3500" "confidence=0.6733726263046265" 
@@TRAX:frame "file:///home/vot-workspace/sequences/bolt1/color/00000021.jpg" 
@@TRAX:state "320.0000,180.0000,29.7700,68.3500" "confidence=0.6665530204772949" 
@@TRAX:frame "file:///home/vot-workspace/sequences/bolt1/color/00000022.jpg" 
@@TRAX:state "330.0000,164.0000,29.7700,68.3500" "confidence=0.6780440211296082" 
@@TRAX:frame "file:///home/vot-workspace/sequences/bolt1/color/00000023.jpg" 
@@TRAX:state "329.0000,166.0000,29.7700,68.3500" "confidence=0.6640598773956299" 
@@TRAX:frame "file:///home/vot-workspace/sequences/bolt1/color/00000024.jpg" 
@@TRAX:state "324.0000,164.0000,29.7700,68.3500" "confidence=0.6678147614002228" 
@@TRAX:frame "file:///home/vot-workspace/sequences/bolt1/color/00000025.jpg" 
@@TRAX:state "327.0000,160.0000,29.7700,68.3500" "confidence=0.6674366295337677" 
@@TRAX:frame "file:///home/vot-workspace/sequences/bolt1/color/00000026.jpg" 
@@TRAX:state "327.0000,160.0000,29.7700,68.3500" "confidence=0.6950130760669708" 
@@TRAX:frame "file:///home/vot-workspace/sequences/bolt1/color/00000027.jpg" 
@@TRAX:state "327.0000,163.0000,29.7700,68.3500" "confidence=0.7436826229095459" 
@@TRAX:frame "file:///home/vot-workspace/sequences/bolt1/color/00000028.jpg" 
@@TRAX:state "322.0000,161.0000,29.7700,68.3500" "confidence=0.6708030998706818" 
@@TRAX:frame "file:///home/vot-workspace/sequences/bolt1/color/00000029.jpg" 
@@TRAX:state "315.0000,169.0000,29.7700,68.3500" "confidence=0.640198677778244" 
@@TRAX:frame "file:///home/vot-workspace/sequences/bolt1/color/00000030.jpg" 
@@TRAX:state "318.0000,158.0000,29.7700,68.3500" "confidence=0.6657910645008087" 
@@TRAX:frame "file:///home/vot-workspace/sequences/bolt1/color/00000031.jpg" 
@@TRAX:state "323.0000,160.0000,29.7700,68.3500" "confidence=0.6785112023353577" 
@@TRAX:frame "file:///home/vot-workspace/sequences/bolt1/color/00000032.jpg" 
@@TRAX:state "332.0000,156.0000,29.7700,68.3500" "confidence=0.674456000328064" 
@@TRAX:frame "file:///home/vot-workspace/sequences/bolt1/color/00000033.jpg" 
@@TRAX:state "329.0000,157.0000,29.7700,68.3500" "confidence=0.6831974387168884" 
@@TRAX:frame "file:///home/vot-workspace/sequences/bolt1/color/00000034.jpg" 
@@TRAX:state "327.0000,156.0000,29.7700,68.3500" "confidence=0.6562541127204895" 
@@TRAX:frame "file:///home/vot-workspace/sequences/bolt1/color/00000035.jpg" 
@@TRAX:state "330.0000,156.0000,29.7700,68.3500" "confidence=0.6569185256958008" 
@@TRAX:frame "file:///home/vot-workspace/sequences/bolt1/color/00000036.jpg" 
@@TRAX:state "330.0000,155.0000,29.7700,68.3500" "confidence=0.685298353433609" 
@@TRAX:frame "file:///home/vot-workspace/sequences/bolt1/color/00000037.jpg" 
@@TRAX:state "330.0000,159.0000,29.7700,68.3500" "confidence=0.6967952251434326" 
@@TRAX:frame "file:///home/vot-workspace/sequences/bolt1/color/00000038.jpg" 
@@TRAX:state "326.0000,159.0000,29.7700,68.3500" "confidence=0.6859082877635956" 
@@TRAX:frame "file:///home/vot-workspace/sequences/bolt1/color/00000039.jpg" 
@@TRAX:state "324.0000,158.0000,29.7700,68.3500" "confidence=0.6622442901134491" 
@@TRAX:frame "file:///home/vot-workspace/sequences/bolt1/color/00000040.jpg" 
@@TRAX:state "320.0000,164.0000,29.7700,68.3500" "confidence=0.6319900155067444" 
@@TRAX:frame "file:///home/vot-workspace/sequences/bolt1/color/00000041.jpg" 
@@TRAX:state "320.0000,166.0000,29.7700,68.3500" "confidence=0.6448485255241394" 
@@TRAX:frame "file:///home/vot-workspace/sequences/bolt1/color/00000042.jpg" 
@@TRAX:state "327.0000,157.0000,29.7700,68.3500" "confidence=0.6506136655807495" 
@@TRAX:frame "file:///home/vot-workspace/sequences/bolt1/color/00000043.jpg" 
@@TRAX:state "331.0000,155.0000,29.7700,68.3500" "confidence=0.6674164235591888" 
@@TRAX:frame "file:///home/vot-workspace/sequences/bolt1/color/00000044.jpg" 
@@TRAX:state "332.0000,156.0000,29.7700,68.3500" "confidence=0.6879071295261383" 
@@TRAX:frame "file:///home/vot-workspace/sequences/bolt1/color/00000045.jpg" 
@@TRAX:state "330.0000,150.0000,29.7700,68.3500" "confidence=0.6647886335849762" 
@@TRAX:frame "file:///home/vot-workspace/sequences/bolt1/color/00000046.jpg" 
@@TRAX:state "331.0000,152.0000,29.7700,68.3500" "confidence=0.649897575378418" 
@@TRAX:frame "file:///home/vot-workspace/sequences/bolt1/color/00000047.jpg" 
@@TRAX:state "331.0000,154.0000,29.7700,68.3500" "confidence=0.683380663394928" 
@@TRAX:frame "file:///home/vot-workspace/sequences/bolt1/color/00000048.jpg" 
@@TRAX:state "330.0000,158.0000,29.7700,68.3500" "confidence=0.6691977679729462" 
@@TRAX:frame "file:///home/vot-workspace/sequences/bolt1/color/00000049.jpg" 
@@TRAX:state "329.0000,159.0000,29.7700,68.3500" "confidence=0.6928345859050751" 
@@TRAX:frame "file:///home/vot-workspace/sequences/bolt1/color/00000050.jpg" 
@@TRAX:state "325.0000,177.0000,29.7700,68.3500" "confidence=0.6295647323131561" 
@@TRAX:frame "file:///home/vot-workspace/sequences/bolt1/color/00000051.jpg" 
@@TRAX:state "329.0000,178.0000,29.7700,68.3500" "confidence=0.6334644556045532" 
@@TRAX:frame "file:///home/vot-workspace/sequences/bolt1/color/00000052.jpg" 
@@TRAX:state "324.0000,157.0000,29.7700,68.3500" "confidence=0.6643737852573395" 
@@TRAX:frame "file:///home/vot-workspace/sequences/bolt1/color/00000053.jpg" 
@@TRAX:state "332.0000,159.0000,29.7700,68.3500" "confidence=0.6564365923404694" 
@@TRAX:frame "file:///home/vot-workspace/sequences/bolt1/color/00000054.jpg" 
@@TRAX:state "334.0000,156.0000,29.7700,68.3500" "confidence=0.6778599321842194" 
@@TRAX:frame "file:///home/vot-workspace/sequences/bolt1/color/00000055.jpg" 
@@TRAX:state "336.0000,154.0000,29.7700,68.3500" "confidence=0.668939858675003" 
@@TRAX:frame "file:///home/vot-workspace/sequences/bolt1/color/00000056.jpg" 
@@TRAX:state "335.0000,154.0000,29.7700,68.3500" "confidence=0.6575839221477509" 
@@TRAX:frame "file:///home/vot-workspace/sequences/bolt1/color/00000057.jpg" 
@@TRAX:state "336.0000,155.0000,29.7700,68.3500" "confidence=0.6815952658653259" 
@@TRAX:frame "file:///home/vot-workspace/sequences/bolt1/color/00000058.jpg" 
@@TRAX:state "336.0000,157.0000,29.7700,68.3500" "confidence=0.6862425208091736" 
@@TRAX:frame "file:///home/vot-workspace/sequences/bolt1/color/00000059.jpg" 
@@TRAX:state "336.0000,160.0000,29.7700,68.3500" "confidence=0.6906076073646545" 
@@TRAX:frame "file:///home/vot-workspace/sequences/bolt1/color/00000060.jpg" 
@@TRAX:state "328.0000,177.0000,29.7700,68.3500" "confidence=0.6430296897888184" 
@@TRAX:frame "file:///home/vot-workspace/sequences/bolt1/color/00000061.jpg" 
@@TRAX:state "323.0000,166.0000,29.7700,68.3500" "confidence=0.6348804831504822" 
@@TRAX:frame "file:///home/vot-workspace/sequences/bolt1/color/00000062.jpg" 
@@TRAX:state "325.0000,159.0000,29.7700,68.3500" "confidence=0.649664580821991" 
@@TRAX:frame "file:///home/vot-workspace/sequences/bolt1/color/00000063.jpg" 
@@TRAX:state "333.0000,152.0000,29.7700,68.3500" "confidence=0.6584492921829224" 
@@TRAX:frame "file:///home/vot-workspace/sequences/bolt1/color/00000064.jpg" 
@@TRAX:state "333.0000,154.0000,29.7700,68.3500" "confidence=0.6627155244350433" 
@@TRAX:frame "file:///home/vot-workspace/sequences/bolt1/color/00000065.jpg" 
@@TRAX:state "328.0000,158.0000,29.7700,68.3500" "confidence=0.690706878900528" 
@@TRAX:frame "file:///home/vot-workspace/sequences/bolt1/color/00000066.jpg" 
@@TRAX:state "328.0000,151.0000,29.7700,68.3500" "confidence=0.6388818621635437" 
@@TRAX:frame "file:///home/vot-workspace/sequences/bolt1/color/00000067.jpg" 
@@TRAX:state "326.0000,154.0000,29.7700,68.3500" "confidence=0.6570368707180023" 
@@TRAX:frame "file:///home/vot-workspace/sequences/bolt1/color/00000068.jpg" 
@@TRAX:state "324.0000,152.0000,29.7700,68.3500" "confidence=0.6837542355060577" 
@@TRAX:frame "file:///home/vot-workspace/sequences/bolt1/color/00000069.jpg" 
@@TRAX:state "323.0000,159.0000,29.7700,68.3500" "confidence=0.677909791469574" 
@@TRAX:frame "file:///home/vot-workspace/sequences/bolt1/color/00000070.jpg" 
@@TRAX:state "318.0000,158.0000,29.7700,68.3500" "confidence=0.6767755448818207" 
@@TRAX:frame "file:///home/vot-workspace/sequences/bolt1/color/00000071.jpg" 
@@TRAX:state "318.0000,178.0000,29.7700,68.3500" "confidence=0.6349138617515564" 
@@TRAX:frame "file:///home/vot-workspace/sequences/bolt1/color/00000072.jpg" 
@@TRAX:state "318.0000,152.0000,29.7700,68.3500" "confidence=0.6354688704013824" 
@@TRAX:frame "file:///home/vot-workspace/sequences/bolt1/color/00000073.jpg" 
@@TRAX:state "313.0000,177.0000,29.7700,68.3500" "confidence=0.6505293846130371" 
@@TRAX:frame "file:///home/vot-workspace/sequences/bolt1/color/00000074.jpg" 
@@TRAX:state "322.0000,153.0000,29.7700,68.3500" "confidence=0.6519622802734375" 
@@TRAX:frame "file:///home/vot-workspace/sequences/bolt1/color/00000075.jpg" 
@@TRAX:state "322.0000,160.0000,29.7700,68.3500" "confidence=0.6620368361473083" 
@@TRAX:frame "file:///home/vot-workspace/sequences/bolt1/color/00000076.jpg" 
@@TRAX:state "297.0000,138.0000,29.7700,68.3500" "confidence=0.6287755370140076" 
@@TRAX:frame "file:///home/vot-workspace/sequences/bolt1/color/00000077.jpg" 
@@TRAX:state "298.0000,135.0000,29.7700,68.3500" "confidence=0.645476907491684" 
@@TRAX:frame "file:///home/vot-workspace/sequences/bolt1/color/00000078.jpg" 
@@TRAX:state "322.0000,154.0000,29.7700,68.3500" "confidence=0.666541337966919" 
@@TRAX:frame "file:///home/vot-workspace/sequences/bolt1/color/00000079.jpg" 
@@TRAX:state "321.0000,157.0000,29.7700,68.3500" "confidence=0.6734710037708282" 
@@TRAX:frame "file:///home/vot-workspace/sequences/bolt1/color/00000080.jpg" 
@@TRAX:state "318.0000,164.0000,29.7700,68.3500" "confidence=0.6779901385307312" 
@@TRAX:frame "file:///home/vot-workspace/sequences/bolt1/color/00000081.jpg" 
@@TRAX:state "317.0000,164.0000,29.7700,68.3500" "confidence=0.6619713008403778" 
@@TRAX:frame "file:///home/vot-workspace/sequences/bolt1/color/00000082.jpg" 
@@TRAX:state "321.0000,180.0000,29.7700,68.3500" "confidence=0.6293514370918274" 
@@TRAX:frame "file:///home/vot-workspace/sequences/bolt1/color/00000083.jpg" 
@@TRAX:state "315.0000,159.0000,29.7700,68.3500" "confidence=0.6601730287075043" 
@@TRAX:frame "file:///home/vot-workspace/sequences/bolt1/color/00000084.jpg" 
@@TRAX:state "322.0000,156.0000,29.7700,68.3500" "confidence=0.6652466356754303" 
@@TRAX:frame "file:///home/vot-workspace/sequences/bolt1/color/00000085.jpg" 
@@TRAX:state "323.0000,156.0000,29.7700,68.3500" "confidence=0.6718624234199524" 
@@TRAX:frame "file:///home/vot-workspace/sequences/bolt1/color/00000086.jpg" 
@@TRAX:state "324.0000,155.0000,29.7700,68.3500" "confidence=0.6703805923461914" 
@@TRAX:frame "file:///home/vot-workspace/sequences/bolt1/color/00000087.jpg" 
@@TRAX:state "298.0000,137.0000,29.7700,68.3500" "confidence=0.6286763846874237" 
@@TRAX:frame "file:///home/vot-workspace/sequences/bolt1/color/00000088.jpg" 
@@TRAX:state "288.0000,134.0000,29.7700,68.3500" "confidence=0.6292337775230408" 
@@TRAX:quit 
@@TRAX:hello "trax.name=" "trax.family=" "trax.image=path;" "trax.region=rectangle;" "trax.description=" "trax.version=3" "vot=python" "trax.channels=color;" 
@@TRAX:initialize "file:///home/vot-workspace/sequences/bolt1/color/00000093.jpg" "332.4500,150.8000,27.8000,69.9300" 
@@TRAX:state "332.4500,150.8000,27.8000,69.9300" 
@@TRAX:frame "file:///home/vot-workspace/sequences/bolt1/color/00000094.jpg" 
QFontDatabase: Cannot find font directory /usr/local/lib/python3.9/site-packages/cv2/qt/fonts.
Note that Qt no longer ships fonts. Deploy some (from https://dejavu-fonts.github.io/ for example) or switch to fontconfig.
QFontDatabase: Cannot find font directory /usr/local/lib/python3.9/site-packages/cv2/qt/fonts.
Note that Qt no longer ships fonts. Deploy some (from https://dejavu-fonts.github.io/ for example) or switch to fontconfig.
QFontDatabase: Cannot find font directory /usr/local/lib/python3.9/site-packages/cv2/qt/fonts.
Note that Qt no longer ships fonts. Deploy some (from https://dejavu-fonts.github.io/ for example) or switch to fontconfig.
QFontDatabase: Cannot find font directory /usr/local/lib/python3.9/site-packages/cv2/qt/fonts.
Note that Qt no longer ships fonts. Deploy some (from https://dejavu-fonts.github.io/ for example) or switch to fontconfig.
QFontDatabase: Cannot find font directory /usr/local/lib/python3.9/site-packages/cv2/qt/fonts.
Note that Qt no longer ships fonts. Deploy some (from https://dejavu-fonts.github.io/ for example) or switch to fontconfig.
@@TRAX:state "334.0000,150.0000,27.8000,69.9300" "confidence=0.8590503185987473" 
@@TRAX:frame "file:///home/vot-workspace/sequences/bolt1/color/00000095.jpg" 
@@TRAX:state "333.0000,149.0000,27.8000,69.9300" "confidence=0.8055955916643143" 
@@TRAX:frame "file:///home/vot-workspace/sequences/bolt1/color/00000096.jpg" 
@@TRAX:state "308.0000,125.0000,27.8000,69.9300" "confidence=0.7551563829183578" 
@@TRAX:frame "file:///home/vot-workspace/sequences/bolt1/color/00000097.jpg" 
@@TRAX:state "297.0000,104.0000,27.8000,69.9300" "confidence=0.7586162835359573" 
@@TRAX:quit 
@@TRAX:hello "trax.name=" "trax.family=" "trax.image=path;" "trax.region=rectangle;" "trax.description=" "trax.version=3" "vot=python" "trax.channels=color;" 
@@TRAX:initialize "file:///home/vot-workspace/sequences/bolt1/color/00000102.jpg" "336.4800,144.0100,34.3100,72.8600" 
@@TRAX:state "336.4800,144.0100,34.3100,72.8600" 
@@TRAX:frame "file:///home/vot-workspace/sequences/bolt1/color/00000103.jpg" 
QFontDatabase: Cannot find font directory /usr/local/lib/python3.9/site-packages/cv2/qt/fonts.
Note that Qt no longer ships fonts. Deploy some (from https://dejavu-fonts.github.io/ for example) or switch to fontconfig.
QFontDatabase: Cannot find font directory /usr/local/lib/python3.9/site-packages/cv2/qt/fonts.
Note that Qt no longer ships fonts. Deploy some (from https://dejavu-fonts.github.io/ for example) or switch to fontconfig.
QFontDatabase: Cannot find font directory /usr/local/lib/python3.9/site-packages/cv2/qt/fonts.
Note that Qt no longer ships fonts. Deploy some (from https://dejavu-fonts.github.io/ for example) or switch to fontconfig.
QFontDatabase: Cannot find font directory /usr/local/lib/python3.9/site-packages/cv2/qt/fonts.
Note that Qt no longer ships fonts. Deploy some (from https://dejavu-fonts.github.io/ for example) or switch to fontconfig.
QFontDatabase: Cannot find font directory /usr/local/lib/python3.9/site-packages/cv2/qt/fonts.
Note that Qt no longer ships fonts. Deploy some (from https://dejavu-fonts.github.io/ for example) or switch to fontconfig.
@@TRAX:state "336.0000,144.0000,34.3100,72.8600" "confidence=0.8308986276388168" 
@@TRAX:frame "file:///home/vot-workspace/sequences/bolt1/color/00000104.jpg" 
@@TRAX:state "334.0000,143.0000,34.3100,72.8600" "confidence=0.7697998136281967" 
@@TRAX:frame "file:///home/vot-workspace/sequences/bolt1/color/00000105.jpg" 
@@TRAX:state "336.0000,143.0000,34.3100,72.8600" "confidence=0.7553795874118805" 
@@TRAX:frame "file:///home/vot-workspace/sequences/bolt1/color/00000106.jpg" 
@@TRAX:state "335.0000,143.0000,34.3100,72.8600" "confidence=0.7481131255626678" 
@@TRAX:frame "file:///home/vot-workspace/sequences/bolt1/color/00000107.jpg" 
@@TRAX:state "335.0000,143.0000,34.3100,72.8600" "confidence=0.7238741815090179" 
@@TRAX:frame "file:///home/vot-workspace/sequences/bolt1/color/00000108.jpg" 
@@TRAX:state "335.0000,143.0000,34.3100,72.8600" "confidence=0.7133319973945618" 
@@TRAX:frame "file:///home/vot-workspace/sequences/bolt1/color/00000109.jpg" 
@@TRAX:state "342.0000,145.0000,34.3100,72.8600" "confidence=0.7237541973590851" 
@@TRAX:frame "file:///home/vot-workspace/sequences/bolt1/color/00000110.jpg" 
@@TRAX:state "342.0000,145.0000,34.3100,72.8600" "confidence=0.7202880382537842" 
@@TRAX:frame "file:///home/vot-workspace/sequences/bolt1/color/00000111.jpg" 
@@TRAX:state "340.0000,145.0000,34.3100,72.8600" "confidence=0.7471294403076172" 
@@TRAX:frame "file:///home/vot-workspace/sequences/bolt1/color/00000112.jpg" 
@@TRAX:state "345.0000,146.0000,34.3100,72.8600" "confidence=0.7310533821582794" 
@@TRAX:frame "file:///home/vot-workspace/sequences/bolt1/color/00000113.jpg" 
@@TRAX:quit 
Process exited with code (0)
