@@TRAX:hello "trax.name=" "trax.family=" "trax.image=path;" "trax.region=rectangle;" "trax.description=" "trax.version=3" "vot=python" "trax.channels=color;" 
@@TRAX:initialize "file:///home/vot-workspace/sequences/bolt1/color/00000001.jpg" "330.0400,162.4000,38.1100,50.8800" 
@@TRAX:state "330.0400,162.4000,38.1100,50.8800" 
@@TRAX:frame "file:///home/vot-workspace/sequences/bolt1/color/00000002.jpg" 
@@TRAX:state "329.0000,162.0000,38.0000,50.0000" "confidence=0.7294456362724304" 
@@TRAX:frame "file:///home/vot-workspace/sequences/bolt1/color/00000003.jpg" 
@@TRAX:state "327.0000,161.0000,39.0000,52.0000" "confidence=0.6601764559745789" 
@@TRAX:frame "file:///home/vot-workspace/sequences/bolt1/color/00000004.jpg" 
@@TRAX:state "324.0000,160.0000,39.0000,52.0000" "confidence=0.5680986046791077" 
@@TRAX:frame "file:///home/vot-workspace/sequences/bolt1/color/00000005.jpg" 
@@TRAX:state "330.0000,162.0000,37.0000,49.0000" "confidence=0.4211885631084442" 
@@TRAX:frame "file:///home/vot-workspace/sequences/bolt1/color/00000006.jpg" 
@@TRAX:state "310.0000,160.0000,38.0000,51.0000" "confidence=0.32940250635147095" 
@@TRAX:frame "file:///home/vot-workspace/sequences/bolt1/color/00000007.jpg" 
@@TRAX:state "305.0000,161.0000,36.0000,48.0000" "confidence=0.36799243092536926" 
@@TRAX:frame "file:///home/vot-workspace/sequences/bolt1/color/00000008.jpg" 
@@TRAX:state "303.0000,159.0000,37.0000,50.0000" "confidence=0.31533440947532654" 
@@TRAX:frame "file:///home/vot-workspace/sequences/bolt1/color/00000009.jpg" 
@@TRAX:state "297.0000,159.0000,37.0000,50.0000" "confidence=0.3190029263496399" 
@@TRAX:frame "file:///home/vot-workspace/sequences/bolt1/color/00000010.jpg" 
@@TRAX:state "288.0000,158.0000,38.0000,52.0000" "confidence=0.3710130751132965" 
@@TRAX:quit 
@@TRAX:hello "trax.name=" "trax.family=" "trax.image=path;" "trax.region=rectangle;" "trax.description=" "trax.version=3" "vot=python" "trax.channels=color;" 
@@TRAX:initialize "file:///home/vot-workspace/sequences/bolt1/color/00000015.jpg" "326.8600,167.3500,29.7700,68.3500" 
@@TRAX:state "326.8600,167.3500,29.7700,68.3500" 
@@TRAX:frame "file:///home/vot-workspace/sequences/bolt1/color/00000016.jpg" 
@@TRAX:state "326.0000,167.0000,29.0000,68.0000" "confidence=0.6832223534584045" 
@@TRAX:frame "file:///home/vot-workspace/sequences/bolt1/color/00000017.jpg" 
@@TRAX:state "318.0000,171.0000,27.0000,64.0000" "confidence=0.3351927399635315" 
@@TRAX:frame "file:///home/vot-workspace/sequences/bolt1/color/00000018.jpg" 
@@TRAX:state "316.0000,170.0000,28.0000,67.0000" "confidence=0.3396499752998352" 
@@TRAX:frame "file:///home/vot-workspace/sequences/bolt1/color/00000019.jpg" 
@@TRAX:state "319.0000,168.0000,26.0000,63.0000" "confidence=0.35792970657348633" 
@@TRAX:frame "file:///home/vot-workspace/sequences/bolt1/color/00000020.jpg" 
@@TRAX:state "323.0000,168.0000,24.0000,59.0000" "confidence=0.3819868266582489" 
@@TRAX:frame "file:///home/vot-workspace/sequences/bolt1/color/00000021.jpg" 
@@TRAX:state "324.0000,168.0000,22.0000,56.0000" "confidence=0.34126511216163635" 
@@TRAX:frame "file:///home/vot-workspace/sequences/bolt1/color/00000022.jpg" 
@@TRAX:state "335.0000,165.0000,22.0000,56.0000" "confidence=0.3416389524936676" 
@@TRAX:frame "file:///home/vot-workspace/sequences/bolt1/color/00000023.jpg" 
@@TRAX:state "333.0000,165.0000,23.0000,58.0000" "confidence=0.34195080399513245" 
@@TRAX:frame "file:///home/vot-workspace/sequences/bolt1/color/00000024.jpg" 
@@TRAX:state "337.0000,165.0000,21.0000,55.0000" "confidence=0.30215221643447876" 
@@TRAX:frame "file:///home/vot-workspace/sequences/bolt1/color/00000025.jpg" 
@@TRAX:state "332.0000,162.0000,22.0000,57.0000" "confidence=0.37676000595092773" 
@@TRAX:frame "file:///home/vot-workspace/sequences/bolt1/color/00000026.jpg" 
@@TRAX:state "331.0000,163.0000,23.0000,59.0000" "confidence=0.42542123794555664" 
@@TRAX:frame "file:///home/vot-workspace/sequences/bolt1/color/00000027.jpg" 
@@TRAX:state "330.0000,166.0000,21.0000,56.0000" "confidence=0.48327311873435974" 
@@TRAX:frame "file:///home/vot-workspace/sequences/bolt1/color/00000028.jpg" 
@@TRAX:state "324.0000,177.0000,19.0000,53.0000" "confidence=0.37455761432647705" 
@@TRAX:frame "file:///home/vot-workspace/sequences/bolt1/color/00000029.jpg" 
@@TRAX:state "327.0000,160.0000,19.0000,55.0000" "confidence=0.42590785026550293" 
@@TRAX:frame "file:///home/vot-workspace/sequences/bolt1/color/00000030.jpg" 
@@TRAX:state "327.0000,162.0000,19.0000,57.0000" "confidence=0.5301764011383057" 
@@TRAX:frame "file:///home/vot-workspace/sequences/bolt1/color/00000031.jpg" 
@@TRAX:state "328.0000,162.0000,18.0000,54.0000" "confidence=0.5304996371269226" 
@@TRAX:frame "file:///home/vot-workspace/sequences/bolt1/color/00000032.jpg" 
@@TRAX:state "330.0000,160.0000,18.0000,56.0000" "confidence=0.4003584682941437" 
@@TRAX:frame "file:///home/vot-workspace/sequences/bolt1/color/00000033.jpg" 
@@TRAX:state "333.0000,174.0000,17.0000,53.0000" "confidence=0.39407438039779663" 
@@TRAX:frame "file:///home/vot-workspace/sequences/bolt1/color/00000034.jpg" 
@@TRAX:state "336.0000,157.0000,17.0000,55.0000" "confidence=0.3055003583431244" 
@@TRAX:frame "file:///home/vot-workspace/sequences/bolt1/color/00000035.jpg" 
@@TRAX:state "328.0000,174.0000,16.0000,52.0000" "confidence=0.3049905300140381" 
@@TRAX:frame "file:///home/vot-workspace/sequences/bolt1/color/00000036.jpg" 
@@TRAX:state "337.0000,159.0000,16.0000,54.0000" "confidence=0.3077104389667511" 
@@TRAX:frame "file:///home/vot-workspace/sequences/bolt1/color/00000037.jpg" 
@@TRAX:state "335.0000,172.0000,16.0000,56.0000" "confidence=0.43184423446655273" 
@@TRAX:frame "file:///home/vot-workspace/sequences/bolt1/color/00000038.jpg" 
@@TRAX:state "330.0000,174.0000,15.0000,53.0000" "confidence=0.41034385561943054" 
@@TRAX:frame "file:///home/vot-workspace/sequences/bolt1/color/00000039.jpg" 
@@TRAX:state "331.0000,164.0000,14.0000,50.0000" "confidence=0.4449755549430847" 
@@TRAX:frame "file:///home/vot-workspace/sequences/bolt1/color/00000040.jpg" 
@@TRAX:state "334.0000,158.0000,14.0000,52.0000" "confidence=0.38594692945480347" 
@@TRAX:frame "file:///home/vot-workspace/sequences/bolt1/color/00000041.jpg" 
@@TRAX:state "334.0000,161.0000,13.0000,49.0000" "confidence=0.4082362949848175" 
@@TRAX:frame "file:///home/vot-workspace/sequences/bolt1/color/00000042.jpg" 
@@TRAX:state "334.0000,160.0000,13.0000,51.0000" "confidence=0.4073192775249481" 
@@TRAX:frame "file:///home/vot-workspace/sequences/bolt1/color/00000043.jpg" 
@@TRAX:state "345.0000,152.0000,13.0000,51.0000" "confidence=0.3148149847984314" 
@@TRAX:frame "file:///home/vot-workspace/sequences/bolt1/color/00000044.jpg" 
@@TRAX:state "342.0000,154.0000,13.0000,53.0000" "confidence=0.30295270681381226" 
@@TRAX:frame "file:///home/vot-workspace/sequences/bolt1/color/00000045.jpg" 
@@TRAX:state "341.0000,159.0000,13.0000,55.0000" "confidence=0.31253114342689514" 
@@TRAX:frame "file:///home/vot-workspace/sequences/bolt1/color/00000046.jpg" 
@@TRAX:state "335.0000,169.0000,12.0000,52.0000" "confidence=0.325894832611084" 
@@TRAX:frame "file:///home/vot-workspace/sequences/bolt1/color/00000047.jpg" 
@@TRAX:state "341.0000,171.0000,11.0000,49.0000" "confidence=0.3467565178871155" 
@@TRAX:frame "file:///home/vot-workspace/sequences/bolt1/color/00000048.jpg" 
@@TRAX:state "338.0000,178.0000,10.0000,46.0000" "confidence=0.40436792373657227" 
@@TRAX:frame "file:///home/vot-workspace/sequences/bolt1/color/00000049.jpg" 
@@TRAX:state "342.0000,175.0000,9.0000,43.0000" "confidence=0.47142502665519714" 
@@TRAX:frame "file:///home/vot-workspace/sequences/bolt1/color/00000050.jpg" 
@@TRAX:state "345.0000,178.0000,8.0000,40.0000" "confidence=0.41295039653778076" 
@@TRAX:frame "file:///home/vot-workspace/sequences/bolt1/color/00000051.jpg" 
@@TRAX:state "336.0000,179.0000,7.0000,38.0000" "confidence=0.4201008677482605" 
@@TRAX:frame "file:///home/vot-workspace/sequences/bolt1/color/00000052.jpg" 
@@TRAX:state "338.0000,178.0000,6.0000,36.0000" "confidence=0.5553911328315735" 
@@TRAX:frame "file:///home/vot-workspace/sequences/bolt1/color/00000053.jpg" 
@@TRAX:state "337.0000,176.0000,5.0000,34.0000" "confidence=0.4784003496170044" 
@@TRAX:frame "file:///home/vot-workspace/sequences/bolt1/color/00000054.jpg" 
@@TRAX:state "339.0000,178.0000,4.0000,32.0000" "confidence=0.5789766311645508" 
@@TRAX:frame "file:///home/vot-workspace/sequences/bolt1/color/00000055.jpg" 
@@TRAX:state "348.0000,187.0000,3.0000,30.0000" "confidence=0.5909535884857178" 
@@TRAX:frame "file:///home/vot-workspace/sequences/bolt1/color/00000056.jpg" 
@@TRAX:state "352.0000,190.0000,2.0000,28.0000" "confidence=0.713692843914032" 
@@TRAX:frame "file:///home/vot-workspace/sequences/bolt1/color/00000057.jpg" 
@@TRAX:state "346.0000,187.0000,1.0000,26.0000" "confidence=0.8034432530403137" 
@@TRAX:frame "file:///home/vot-workspace/sequences/bolt1/color/00000058.jpg" 
Traceback (most recent call last):
  File "/usr/local/lib/python3.9/runpy.py", line 197, in _run_module_as_main
    return _run_code(code, main_globals, None,
  File "/usr/local/lib/python3.9/runpy.py", line 87, in _run_code
    exec(code, run_globals)
  File "/home/vot-workspace/tracker/vision_challenge_tracker.py", line 165, in <module>
    region, confidence = tracker.track(image)
  File "/home/vot-workspace/tracker/vision_challenge_tracker.py", line 96, in track
    plantilla_escalada = cv2.resize(self.template, (nuevo_ancho, nuevo_alto))
cv2.error: OpenCV(4.13.0) /io/opencv/modules/imgproc/src/resize.cpp:4211: error: (-215:Assertion failed) inv_scale_x > 0 in function 'resize'

@@TRAX:quit 
Process exited with code (1)
